WARNING: Position Member of the National Assembly of Pakistan (Q20760546) not in boundary associated_wikidata_positions
WARNING: the district NA-131 Lahore-IX (Q55624346) wasn't found in the boundary data for position Member of the National Assembly of Pakistan (Q20760546)
WARNING: the district NA-25 Nowshehra-I (Q58401779) wasn't found in the boundary data for position Member of the National Assembly of Pakistan (Q20760546)
WARNING: the district NA-95 Mianwali-I (Q58401215) wasn't found in the boundary data for position Member of the National Assembly of Pakistan (Q20760546)
WARNING: the district NA-36 Lucky Marwat (Q58401806) wasn't found in the boundary data for position Member of the National Assembly of Pakistan (Q20760546)
WARNING: the district NA-15 Abbotabad-I (Q58401738) wasn't found in the boundary data for position Member of the National Assembly of Pakistan (Q20760546)
WARNING: the district NA-91 Sargodha-IV (Q58401196) wasn't found in the boundary data for position Member of the National Assembly of Pakistan (Q20760546)
WARNING: the district reserved seat for Women in the National Assembly (Punjab) (Q58899189) wasn't found in the boundary data for position Member of the National Assembly of Pakistan (Q20760546)
WARNING: the district NA-38 DI Khan-I (Q58401808) wasn't found in the boundary data for position Member of the National Assembly of Pakistan (Q20760546)
WARNING: the district NA-18 Swabi-I (Q58401753) wasn't found in the boundary data for position Member of the National Assembly of Pakistan (Q20760546)
WARNING: the district NA-86 MBD-II (Q58401187) wasn't found in the boundary data for position Member of the National Assembly of Pakistan (Q20760546)
WARNING: the district NA-32 Kohat (Q58401790) wasn't found in the boundary data for position Member of the National Assembly of Pakistan (Q20760546)
WARNING: the district NA-82 Gujranwala-IV (Q58401165) wasn't found in the boundary data for position Member of the National Assembly of Pakistan (Q20760546)
WARNING: the district NA-160 Lodhran-I (Q58401378) wasn't found in the boundary data for position Member of the National Assembly of Pakistan (Q20760546)
WARNING: the district NA-136 Lahore-XIV (Q55624356) wasn't found in the boundary data for position Member of the National Assembly of Pakistan (Q20760546)
WARNING: the district NA-167 Bahawalnagar-II (Q58401399) wasn't found in the boundary data for position Member of the National Assembly of Pakistan (Q20760546)
WARNING: the district NA-22 Mardan-III (Q58401764) wasn't found in the boundary data for position Member of the National Assembly of Pakistan (Q20760546)
WARNING: the district NA-96 Mianwali-II (Q58401217) wasn't found in the boundary data for position Member of the National Assembly of Pakistan (Q20760546)
WARNING: the district NA-72 Sialkot-I (Q58401128) wasn't found in the boundary data for position Member of the National Assembly of Pakistan (Q20760546)
WARNING: the district NA-84 Gujranwala-VI (Q58401180) wasn't found in the boundary data for position Member of the National Assembly of Pakistan (Q20760546)
WARNING: the district NA-111 Toba Tek Singh-I (Q58401273) wasn't found in the boundary data for position Member of the National Assembly of Pakistan (Q20760546)
WARNING: the district NA-71 Gujrat-IV (Q58401126) wasn't found in the boundary data for position Member of the National Assembly of Pakistan (Q20760546)
WARNING: the district NA-90 Sargodha-III (Q58401194) wasn't found in the boundary data for position Member of the National Assembly of Pakistan (Q20760546)
WARNING: the district NA-80 Gujranwala-II (Q58401161) wasn't found in the boundary data for position Member of the National Assembly of Pakistan (Q20760546)
WARNING: the district NA-104 Faisalabad-IV (Q58401251) wasn't found in the boundary data for position Member of the National Assembly of Pakistan (Q20760546)
WARNING: the district NA-141 Okara-I (Q55624361) wasn't found in the boundary data for position Member of the National Assembly of Pakistan (Q20760546)
WARNING: the district NA-99 Chiniot-I (Q58401224) wasn't found in the boundary data for position Member of the National Assembly of Pakistan (Q20760546)
WARNING: the district NA-10 Shangla (Q58401726) wasn't found in the boundary data for position Member of the National Assembly of Pakistan (Q20760546)
WARNING: the district NA-26 Nowshehra-II (Q58401781) wasn't found in the boundary data for position Member of the National Assembly of Pakistan (Q20760546)
WARNING: the district NA-172 Bahawalpur-III (Q58400829) wasn't found in the boundary data for position Member of the National Assembly of Pakistan (Q20760546)
WARNING: the district NA-171 Bahawalpur-II (Q58401408) wasn't found in the boundary data for position Member of the National Assembly of Pakistan (Q20760546)
WARNING: the district NA-173 Bahawalpur-IV (Q58401411) wasn't found in the boundary data for position Member of the National Assembly of Pakistan (Q20760546)
WARNING: the district NA-163 Vehari-II (Q58401384) wasn't found in the boundary data for position Member of the National Assembly of Pakistan (Q20760546)
WARNING: the district NA-122 Sheikhupura-IV (Q58401308) wasn't found in the boundary data for position Member of the National Assembly of Pakistan (Q20760546)
WARNING: the district NA-121 Sheikhupura-III (Q58401306) wasn't found in the boundary data for position Member of the National Assembly of Pakistan (Q20760546)
WARNING: the district NA-75 Sialkot-IV (Q58401149) wasn't found in the boundary data for position Member of the National Assembly of Pakistan (Q20760546)
WARNING: the district NA-76 Sialkot-V (Q58401152) wasn't found in the boundary data for position Member of the National Assembly of Pakistan (Q20760546)
WARNING: the district NA-112 Toba Tek Singh-II (Q58401276) wasn't found in the boundary data for position Member of the National Assembly of Pakistan (Q20760546)
WARNING: the district NA-101 Faisalabad-I (Q58401231) wasn't found in the boundary data for position Member of the National Assembly of Pakistan (Q20760546)
WARNING: the district NA-89 Sargodha-II (Q58401191) wasn't found in the boundary data for position Member of the National Assembly of Pakistan (Q20760546)
WARNING: the district NA-9 Buner (Q58401722) wasn't found in the boundary data for position Member of the National Assembly of Pakistan (Q20760546)
WARNING: the district NA-33 Hangu (Q58401792) wasn't found in the boundary data for position Member of the National Assembly of Pakistan (Q20760546)
WARNING: the district NA-19 Swabi-II (Q58401756) wasn't found in the boundary data for position Member of the National Assembly of Pakistan (Q20760546)
WARNING: the district NA-20 Mardan-I (Q58401759) wasn't found in the boundary data for position Member of the National Assembly of Pakistan (Q20760546)
WARNING: the district reserved seat for Women in National Assembly (Sindh) (Q58899207) wasn't found in the boundary data for position Member of the National Assembly of Pakistan (Q20760546)
WARNING: the district reserved seat for Women in National Assembly (Sindh) (Q58899207) wasn't found in the boundary data for position Member of the National Assembly of Pakistan (Q20760546)
WARNING: the district reserved seat for Women in the National Assembly (Punjab) (Q58899189) wasn't found in the boundary data for position Member of the National Assembly of Pakistan (Q20760546)
WARNING: the district reserved seat for Women in the National Assembly (Punjab) (Q58899189) wasn't found in the boundary data for position Member of the National Assembly of Pakistan (Q20760546)
WARNING: the district reserved seat for Women in the National Assembly (Punjab) (Q58899189) wasn't found in the boundary data for position Member of the National Assembly of Pakistan (Q20760546)
WARNING: the district NA-27 Peshawar-I (Q58401782) wasn't found in the boundary data for position Member of the National Assembly of Pakistan (Q20760546)
WARNING: the district NA-142 Okara-II (Q55624365) wasn't found in the boundary data for position Member of the National Assembly of Pakistan (Q20760546)
WARNING: the district NA-106 Faisalabad-VI (Q58401255) wasn't found in the boundary data for position Member of the National Assembly of Pakistan (Q20760546)
WARNING: the district NA-97 Bhakkar-I (Q58401220) wasn't found in the boundary data for position Member of the National Assembly of Pakistan (Q20760546)
WARNING: the district reserved seat for Women in National Assembly (Sindh) (Q58899207) wasn't found in the boundary data for position Member of the National Assembly of Pakistan (Q20760546)
WARNING: the district NA-254 Central Karachi-II (Q58401653) wasn't found in the boundary data for position Member of the National Assembly of Pakistan (Q20760546)
WARNING: the district NA-21 Mardan-II (Q58401762) wasn't found in the boundary data for position Member of the National Assembly of Pakistan (Q20760546)
WARNING: the district NA-12 Batgram (Q58401731) wasn't found in the boundary data for position Member of the National Assembly of Pakistan (Q20760546)
WARNING: the district NA 45 Kurram-I (Q58401826) wasn't found in the boundary data for position Member of the National Assembly of Pakistan (Q20760546)
WARNING: the district NA 43 Khyber-I (Q58401821) wasn't found in the boundary data for position Member of the National Assembly of Pakistan (Q20760546)
WARNING: the district NA-114 Jhang-I (Q58401281) wasn't found in the boundary data for position Member of the National Assembly of Pakistan (Q20760546)
WARNING: the district NA-113 Toba Tek Singh-III (Q58401279) wasn't found in the boundary data for position Member of the National Assembly of Pakistan (Q20760546)
WARNING: the district NA-78 Narowal-II (Q58401156) wasn't found in the boundary data for position Member of the National Assembly of Pakistan (Q20760546)
WARNING: the district NA-28 Peshawar-II (Q58401785) wasn't found in the boundary data for position Member of the National Assembly of Pakistan (Q20760546)
WARNING: the district NA-2 Swat-I (Q58401699) wasn't found in the boundary data for position Member of the National Assembly of Pakistan (Q20760546)
WARNING: the district NA-269 (Khuzdar) (Q58400849) wasn't found in the boundary data for position Member of the National Assembly of Pakistan (Q20760546)
WARNING: the district NA-13 Mansehra-I (Q58401732) wasn't found in the boundary data for position Member of the National Assembly of Pakistan (Q20760546)
WARNING: the district NA-105 Faisalabad-V (Q58401253) wasn't found in the boundary data for position Member of the National Assembly of Pakistan (Q20760546)
WARNING: the district NA-168 Bahawalnagar-III (Q58401402) wasn't found in the boundary data for position Member of the National Assembly of Pakistan (Q20760546)
WARNING: the district reserved seat for Women in the National Assembly (Punjab) (Q58899189) wasn't found in the boundary data for position Member of the National Assembly of Pakistan (Q20760546)
WARNING: the district NA-107 Faisalabad-VII (Q58401257) wasn't found in the boundary data for position Member of the National Assembly of Pakistan (Q20760546)
WARNING: the district NA-250 (Karachi-XII) (Q12857471) wasn't found in the boundary data for position Member of the National Assembly of Pakistan (Q20760546)
WARNING: the district NA-85 MBD-I (Q58401184) wasn't found in the boundary data for position Member of the National Assembly of Pakistan (Q20760546)
WARNING: the district NA-117 Nankana Sahib-I (Q58401286) wasn't found in the boundary data for position Member of the National Assembly of Pakistan (Q20760546)
WARNING: the district NA-102 Faisalabad-II (Q58401246) wasn't found in the boundary data for position Member of the National Assembly of Pakistan (Q20760546)
WARNING: the district NA-67 Jhelum-II (Q58401117) wasn't found in the boundary data for position Member of the National Assembly of Pakistan (Q20760546)
WARNING: the district NA-77 Narowal-I (Q58401153) wasn't found in the boundary data for position Member of the National Assembly of Pakistan (Q20760546)
WARNING: the district NA-16 Abbotabad-II (Q58401746) wasn't found in the boundary data for position Member of the National Assembly of Pakistan (Q20760546)
WARNING: the district NA-93 Khushab-I (Q58401211) wasn't found in the boundary data for position Member of the National Assembly of Pakistan (Q20760546)
WARNING: the district NA-30 Peshawar-IV (Q58401787) wasn't found in the boundary data for position Member of the National Assembly of Pakistan (Q20760546)
WARNING: the district NA 40 Bajaur-I (Q58401814) wasn't found in the boundary data for position Member of the National Assembly of Pakistan (Q20760546)
WARNING: the district NA 41 Bajaur-II (Q58401818) wasn't found in the boundary data for position Member of the National Assembly of Pakistan (Q20760546)
WARNING: the district NA-166 Bahawalnagar-I (Q58401395) wasn't found in the boundary data for position Member of the National Assembly of Pakistan (Q20760546)
WARNING: the district NA-29 Peshawar-III (Q58400851) wasn't found in the boundary data for position Member of the National Assembly of Pakistan (Q20760546)
WARNING: the district NA-68 Gujrat-I (Q58401120) wasn't found in the boundary data for position Member of the National Assembly of Pakistan (Q20760546)
WARNING: the district NA-119 Sheikhupura-I (Q58401291) wasn't found in the boundary data for position Member of the National Assembly of Pakistan (Q20760546)
WARNING: the district NA-79 Gujranwala-I (Q58401158) wasn't found in the boundary data for position Member of the National Assembly of Pakistan (Q20760546)
WARNING: the district NA-109 Faisalabad-IX (Q58401261) wasn't found in the boundary data for position Member of the National Assembly of Pakistan (Q20760546)
WARNING: the district NA-108 Faisalabad-VIII (Q58401259) wasn't found in the boundary data for position Member of the National Assembly of Pakistan (Q20760546)
WARNING: the district NA-57 Rawalpindi-I (Q58401085) wasn't found in the boundary data for position Member of the National Assembly of Pakistan (Q20760546)
WARNING: the district NA-170 Bahawalpur-I (Q58401407) wasn't found in the boundary data for position Member of the National Assembly of Pakistan (Q20760546)
WARNING: the district NA-174 Bahawalpur-V (Q58401413) wasn't found in the boundary data for position Member of the National Assembly of Pakistan (Q20760546)
WARNING: the district NA-37 (Tank) (Q55624424) wasn't found in the boundary data for position Member of the National Assembly of Pakistan (Q20760546)
WARNING: the district NA-39 DI Khan-II (Q58401811) wasn't found in the boundary data for position Member of the National Assembly of Pakistan (Q20760546)
WARNING: the district NA-24 Charsada-II (Q58401771) wasn't found in the boundary data for position Member of the National Assembly of Pakistan (Q20760546)
WARNING: the district NA-162 Vehari-I (Q58401380) wasn't found in the boundary data for position Member of the National Assembly of Pakistan (Q20760546)
WARNING: the district NA-169 Bahawalnagar-IV (Q58401405) wasn't found in the boundary data for position Member of the National Assembly of Pakistan (Q20760546)
WARNING: the district NA-92 Sargodha-V (Q58401198) wasn't found in the boundary data for position Member of the National Assembly of Pakistan (Q20760546)
WARNING: the district NA-74 Sialkot-III (Q58401145) wasn't found in the boundary data for position Member of the National Assembly of Pakistan (Q20760546)
WARNING: the district NA-70 Gujrat-III (Q58401123) wasn't found in the boundary data for position Member of the National Assembly of Pakistan (Q20760546)
WARNING: the district NA-83 Gujranwala-V (Q58401177) wasn't found in the boundary data for position Member of the National Assembly of Pakistan (Q20760546)
WARNING: the district NA-165 Vehari-IV (Q58401393) wasn't found in the boundary data for position Member of the National Assembly of Pakistan (Q20760546)
WARNING: the district NA-87 Hafizabad (Q55624429) wasn't found in the boundary data for position Member of the National Assembly of Pakistan (Q20760546)
WARNING: the district NA-14 Mansehra Tor Ghar (Q58401734) wasn't found in the boundary data for position Member of the National Assembly of Pakistan (Q20760546)
WARNING: the district NA-55 Attock-I (Q58401083) wasn't found in the boundary data for position Member of the National Assembly of Pakistan (Q20760546)
WARNING: the district NA-34 Karak (Q58401793) wasn't found in the boundary data for position Member of the National Assembly of Pakistan (Q20760546)
WARNING: the district NA-94 Khushab-II (Q58401213) wasn't found in the boundary data for position Member of the National Assembly of Pakistan (Q20760546)
WARNING: the district NA-149 Sahiwal-III (Q58401349) wasn't found in the boundary data for position Member of the National Assembly of Pakistan (Q20760546)
WARNING: the district NA-175 RYK-I (Q58401424) wasn't found in the boundary data for position Member of the National Assembly of Pakistan (Q20760546)
WARNING: the district NA-11 Kohistan (Q58401729) wasn't found in the boundary data for position Member of the National Assembly of Pakistan (Q20760546)
WARNING: the district NA-116 Jhang-III (Q58401285) wasn't found in the boundary data for position Member of the National Assembly of Pakistan (Q20760546)
WARNING: the district NA-267 Mastung-cum-Shahhed Sikandarabad-cum-Kalat (Q58401686) wasn't found in the boundary data for position Member of the National Assembly of Pakistan (Q20760546)
WARNING: the district NA-270 Panjgorh-cum-Washuk-cum-Awaran (Q58401694) wasn't found in the boundary data for position Member of the National Assembly of Pakistan (Q20760546)
WARNING: the district NA-88 Sargodha-I (Q58401188) wasn't found in the boundary data for position Member of the National Assembly of Pakistan (Q20760546)
WARNING: the district NA 42 Mohmand (Q58401819) wasn't found in the boundary data for position Member of the National Assembly of Pakistan (Q20760546)
WARNING: the district NA 44 Khyber-II (Q58401824) wasn't found in the boundary data for position Member of the National Assembly of Pakistan (Q20760546)
WARNING: the district NA-183 Muzaffargarh-III (Q55624381) wasn't found in the boundary data for position Member of the National Assembly of Pakistan (Q20760546)
WARNING: the district reserved seats for minorities (Q33513308) wasn't found in the boundary data for position Member of the National Assembly of Pakistan (Q20760546)
WARNING: the district reserved seat for Women in the National Assembly (Punjab) (Q58899189) wasn't found in the boundary data for position Member of the National Assembly of Pakistan (Q20760546)
WARNING: the district reserved seat for Women in the National Assembly (Punjab) (Q58899189) wasn't found in the boundary data for position Member of the National Assembly of Pakistan (Q20760546)
WARNING: the district reserved seat for Women in the National Assembly (Punjab) (Q58899189) wasn't found in the boundary data for position Member of the National Assembly of Pakistan (Q20760546)
WARNING: the district reserved seat for Women in the National Assembly (Punjab) (Q58899189) wasn't found in the boundary data for position Member of the National Assembly of Pakistan (Q20760546)
WARNING: the district reserved seat for Women in National Assembly (Sindh) (Q58899207) wasn't found in the boundary data for position Member of the National Assembly of Pakistan (Q20760546)
WARNING: the district NA-31 (Peshawar-V) (Q58400853) wasn't found in the boundary data for position Member of the National Assembly of Pakistan (Q20760546)
WARNING: the district NA-98 Bhakkar-II (Q58401222) wasn't found in the boundary data for position Member of the National Assembly of Pakistan (Q20760546)
WARNING: the district NA-164 Vehari-III (Q58401385) wasn't found in the boundary data for position Member of the National Assembly of Pakistan (Q20760546)
WARNING: the district reserved seat for Women in National Assembly (Sindh) (Q58899207) wasn't found in the boundary data for position Member of the National Assembly of Pakistan (Q20760546)
WARNING: the district NA-268 Chaghi-cum-Noshki-cum-Kharan (Q58401689) wasn't found in the boundary data for position Member of the National Assembly of Pakistan (Q20760546)
WARNING: the district reserved seats for Women in the National Assembly (Khyber Pukhtunkhwa) (Q58899089) wasn't found in the boundary data for position Member of the National Assembly of Pakistan (Q20760546)
WARNING: the district NA-65 Chakwal-II (Q58401114) wasn't found in the boundary data for position Member of the National Assembly of Pakistan (Q20760546)
WARNING: the district NA-56 Attock-II (Q58400818) wasn't found in the boundary data for position Member of the National Assembly of Pakistan (Q20760546)
WARNING: the district NA-35 Bannu (Q58401797) wasn't found in the boundary data for position Member of the National Assembly of Pakistan (Q20760546)
WARNING: the district NA 53 Islamabad-II (Q58401855) wasn't found in the boundary data for position Member of the National Assembly of Pakistan (Q20760546)
WARNING: the district NA-103 Faisalabad-III (Q58401249) wasn't found in the boundary data for position Member of the National Assembly of Pakistan (Q20760546)
WARNING: the district NA-60 Rawalpindi-IV (Q58401091) wasn't found in the boundary data for position Member of the National Assembly of Pakistan (Q20760546)
WARNING: the district NA-73 Sialkot-II (Q58401131) wasn't found in the boundary data for position Member of the National Assembly of Pakistan (Q20760546)
WARNING: the district NA-69 Gujrat-II (Q58401122) wasn't found in the boundary data for position Member of the National Assembly of Pakistan (Q20760546)
WARNING: the district NA-100 Chiniot-II (Q58401227) wasn't found in the boundary data for position Member of the National Assembly of Pakistan (Q20760546)
WARNING: the district NA-110 Faisalabad-X (Q58401264) wasn't found in the boundary data for position Member of the National Assembly of Pakistan (Q20760546)
WARNING: the district NA-120 Sheikhupura-II (Q58401304) wasn't found in the boundary data for position Member of the National Assembly of Pakistan (Q20760546)
WARNING: the district NA-23 Charsada-I (Q58401767) wasn't found in the boundary data for position Member of the National Assembly of Pakistan (Q20760546)
WARNING: the district reserved seats for Women in the National Assembly (Khyber Pukhtunkhwa) (Q58899089) wasn't found in the boundary data for position Member of the National Assembly of Pakistan (Q20760546)
WARNING: the district NA 271 Kech (Q55624412) wasn't found in the boundary data for position Member of the National Assembly of Pakistan (Q20760546)
WARNING: Position Member of the Karachi Metropolitan Corporation (Q58873609) not in boundary associated_wikidata_positions
WARNING: Position Member of the Gilgit-Baltistan Legislative Assembly (Q58873760) not in boundary associated_wikidata_positions
WARNING: the district GBLA-1 Gilgit-1 (Q59207192) wasn't found in the boundary data for position Member of the Gilgit-Baltistan Legislative Assembly (Q58873760)
WARNING: the district GBLA-3 Gilgit-III (Q59207195) wasn't found in the boundary data for position Member of the Gilgit-Baltistan Legislative Assembly (Q58873760)
WARNING: the district GBLA-6 Nagir-III (Q59207201) wasn't found in the boundary data for position Member of the Gilgit-Baltistan Legislative Assembly (Q58873760)
WARNING: the district GBLA-7 Skardu-I (Q59207203) wasn't found in the boundary data for position Member of the Gilgit-Baltistan Legislative Assembly (Q58873760)
WARNING: the district GBLA-18 Diamer-IV (Q59207218) wasn't found in the boundary data for position Member of the Gilgit-Baltistan Legislative Assembly (Q58873760)
WARNING: Position Member of the Azad Jammu & Kashmir Legislative Assembly (MLA) (Q58873603) not in boundary associated_wikidata_positions
WARNING: the district LA-21 Palandri Sudhnoti (Q59207161) wasn't found in the boundary data for position Member of the Azad Jammu & Kashmir Legislative Assembly (MLA) (Q58873603)
WARNING: the district reserved seat for technocrats in the Azad Jammu & Kashmir legislative assembly (Q59210884) wasn't found in the boundary data for position Member of the Azad Jammu & Kashmir Legislative Assembly (MLA) (Q58873603)
WARNING: the district LA-2 Chakswari/Islamgarh (Q59207135) wasn't found in the boundary data for position Member of the Azad Jammu & Kashmir Legislative Assembly (MLA) (Q58873603)
WARNING: the district LA-28 Chukar Hattian Bala (Q59207173) wasn't found in the boundary data for position Member of the Azad Jammu & Kashmir Legislative Assembly (MLA) (Q58873603)
WARNING: the district LA-1 Dadyal (Q59207134) wasn't found in the boundary data for position Member of the Azad Jammu & Kashmir Legislative Assembly (MLA) (Q58873603)
WARNING: the district LA-3 Mirpur City (Q59207137) wasn't found in the boundary data for position Member of the Azad Jammu & Kashmir Legislative Assembly (MLA) (Q58873603)
WARNING: the district LA-4 Khari Sharif (Q59207138) wasn't found in the boundary data for position Member of the Azad Jammu & Kashmir Legislative Assembly (MLA) (Q58873603)
WARNING: the district LA-5 Barnala (Q59207139) wasn't found in the boundary data for position Member of the Azad Jammu & Kashmir Legislative Assembly (MLA) (Q58873603)
WARNING: the district LA-6 Samahni (Q59207140) wasn't found in the boundary data for position Member of the Azad Jammu & Kashmir Legislative Assembly (MLA) (Q58873603)
WARNING: the district LA-7 Bhimber City (Q59207141) wasn't found in the boundary data for position Member of the Azad Jammu & Kashmir Legislative Assembly (MLA) (Q58873603)
WARNING: the district LA-8 Kotli City (Q59207142) wasn't found in the boundary data for position Member of the Azad Jammu & Kashmir Legislative Assembly (MLA) (Q58873603)
WARNING: the district LA-9 Nakyal Dist Kotli (Q59207143) wasn't found in the boundary data for position Member of the Azad Jammu & Kashmir Legislative Assembly (MLA) (Q58873603)
WARNING: the district LA-10 Sehnsa (Q59207147) wasn't found in the boundary data for position Member of the Azad Jammu & Kashmir Legislative Assembly (MLA) (Q58873603)
WARNING: the district LA-11 Charhoi (Q59207148) wasn't found in the boundary data for position Member of the Azad Jammu & Kashmir Legislative Assembly (MLA) (Q58873603)
WARNING: the district LA-12 Khoiratta (Q59207149) wasn't found in the boundary data for position Member of the Azad Jammu & Kashmir Legislative Assembly (MLA) (Q58873603)
WARNING: the district LA-13 Dheerkot (Q59207150) wasn't found in the boundary data for position Member of the Azad Jammu & Kashmir Legislative Assembly (MLA) (Q58873603)
WARNING: the district LA-14 Wasti Bagh (Q59207151) wasn't found in the boundary data for position Member of the Azad Jammu & Kashmir Legislative Assembly (MLA) (Q58873603)
WARNING: the district LA-15 Sharqi Bagh (Q59207152) wasn't found in the boundary data for position Member of the Azad Jammu & Kashmir Legislative Assembly (MLA) (Q58873603)
WARNING: the district LA-16 Forward Kahuta Haveli (Q59207153) wasn't found in the boundary data for position Member of the Azad Jammu & Kashmir Legislative Assembly (MLA) (Q58873603)
WARNING: the district LA-17 Abbas Pur (Q59207154) wasn't found in the boundary data for position Member of the Azad Jammu & Kashmir Legislative Assembly (MLA) (Q58873603)
WARNING: the district LA-18 Hajeera (Q59207155) wasn't found in the boundary data for position Member of the Azad Jammu & Kashmir Legislative Assembly (MLA) (Q58873603)
WARNING: the district LA-20 Thorar (Q59207160) wasn't found in the boundary data for position Member of the Azad Jammu & Kashmir Legislative Assembly (MLA) (Q58873603)
WARNING: the district LA-22 Baloch Sadhnoti (Q59207162) wasn't found in the boundary data for position Member of the Azad Jammu & Kashmir Legislative Assembly (MLA) (Q58873603)
WARNING: the district LA-23 Athmuqam Neelum (Q59207163) wasn't found in the boundary data for position Member of the Azad Jammu & Kashmir Legislative Assembly (MLA) (Q58873603)
WARNING: the district LA-24 Pateeka (Q59207166) wasn't found in the boundary data for position Member of the Azad Jammu & Kashmir Legislative Assembly (MLA) (Q58873603)
WARNING: the district LA-25 Lachrat (Q59207167) wasn't found in the boundary data for position Member of the Azad Jammu & Kashmir Legislative Assembly (MLA) (Q58873603)
WARNING: the district LA-26 Muzaffarabad City (Q59207168) wasn't found in the boundary data for position Member of the Azad Jammu & Kashmir Legislative Assembly (MLA) (Q58873603)
WARNING: the district LA-27 Khawra (Q59207169) wasn't found in the boundary data for position Member of the Azad Jammu & Kashmir Legislative Assembly (MLA) (Q58873603)
WARNING: the district LA-29 Leepa (Q59207174) wasn't found in the boundary data for position Member of the Azad Jammu & Kashmir Legislative Assembly (MLA) (Q58873603)
WARNING: the district LA-30 Jammu-1 Karachi/Punjab (Q59207176) wasn't found in the boundary data for position Member of the Azad Jammu & Kashmir Legislative Assembly (MLA) (Q58873603)
WARNING: the district LA-31 Jammu-2 Gujranwala/Hafizabad (Q59207178) wasn't found in the boundary data for position Member of the Azad Jammu & Kashmir Legislative Assembly (MLA) (Q58873603)
WARNING: the district LA-32 Jammu-3 Sialkot (Q59207179) wasn't found in the boundary data for position Member of the Azad Jammu & Kashmir Legislative Assembly (MLA) (Q58873603)
WARNING: the district LA-33 Jammu-4 Narowal (Q59207180) wasn't found in the boundary data for position Member of the Azad Jammu & Kashmir Legislative Assembly (MLA) (Q58873603)
WARNING: the district LA-34 Jammu-5 Gujrat/M.B.Din/Wazirabad (Q59207181) wasn't found in the boundary data for position Member of the Azad Jammu & Kashmir Legislative Assembly (MLA) (Q58873603)
WARNING: the district LA-35 Jammu-6 Rawalpindi (Q59207182) wasn't found in the boundary data for position Member of the Azad Jammu & Kashmir Legislative Assembly (MLA) (Q58873603)
WARNING: the district LA-36 Valley-1 Karachi (Q59207183) wasn't found in the boundary data for position Member of the Azad Jammu & Kashmir Legislative Assembly (MLA) (Q58873603)
WARNING: the district LA-37 Valley-2 Lahore (Q59207187) wasn't found in the boundary data for position Member of the Azad Jammu & Kashmir Legislative Assembly (MLA) (Q58873603)
WARNING: the district LA-38 Valley-3 Jhelum/Multan (Q59207188) wasn't found in the boundary data for position Member of the Azad Jammu & Kashmir Legislative Assembly (MLA) (Q58873603)
WARNING: the district LA-39 Valley-4 Rawalpindi (Q59207189) wasn't found in the boundary data for position Member of the Azad Jammu & Kashmir Legislative Assembly (MLA) (Q58873603)
WARNING: the district LA-40 Valley-5 Rawalpindi/Islamabad/Murree (Q59207190) wasn't found in the boundary data for position Member of the Azad Jammu & Kashmir Legislative Assembly (MLA) (Q58873603)
WARNING: the district LA-41 Valley-6 Peshawar/Mansehra (KPK) (Q59207191) wasn't found in the boundary data for position Member of the Azad Jammu & Kashmir Legislative Assembly (MLA) (Q58873603)
WARNING: the district reserved seats for women in the Azad Jammu & Kashmir legislative assembly (Q59210887) wasn't found in the boundary data for position Member of the Azad Jammu & Kashmir Legislative Assembly (MLA) (Q58873603)
WARNING: the district reserved seats for women in the Azad Jammu & Kashmir legislative assembly (Q59210887) wasn't found in the boundary data for position Member of the Azad Jammu & Kashmir Legislative Assembly (MLA) (Q58873603)
WARNING: the district reserved seats for women in the Azad Jammu & Kashmir legislative assembly (Q59210887) wasn't found in the boundary data for position Member of the Azad Jammu & Kashmir Legislative Assembly (MLA) (Q58873603)
WARNING: the district reserved seats for women in the Azad Jammu & Kashmir legislative assembly (Q59210887) wasn't found in the boundary data for position Member of the Azad Jammu & Kashmir Legislative Assembly (MLA) (Q58873603)
WARNING: the district reserved seats for women in the Azad Jammu & Kashmir legislative assembly (Q59210887) wasn't found in the boundary data for position Member of the Azad Jammu & Kashmir Legislative Assembly (MLA) (Q58873603)
WARNING: the district reserved seat for Ulema community in the Azad Jammu & Kashmir legislative assembly (Q59210885) wasn't found in the boundary data for position Member of the Azad Jammu & Kashmir Legislative Assembly (MLA) (Q58873603)
WARNING: the district reserved seat for Jammu and Kashmir nationals residing abroad in the Azad Jammu & Kashmir legislative assembly (Q59210883) wasn't found in the boundary data for position Member of the Azad Jammu & Kashmir Legislative Assembly (MLA) (Q58873603)
WARNING: Position Senator (Q20081441) not in boundary associated_wikidata_positions
WARNING: the district Punjab (Q58781031) wasn't found in the boundary data for position Senator (Q20081441)
WARNING: the district Punjab (Q58781031) wasn't found in the boundary data for position Senator (Q20081441)
WARNING: the district Punjab (Q58781031) wasn't found in the boundary data for position Senator (Q20081441)
WARNING: the district Balochistan (Q58781025) wasn't found in the boundary data for position Senator (Q20081441)
WARNING: the district Punjab (Q58781031) wasn't found in the boundary data for position Senator (Q20081441)
WARNING: the district Punjab (Q58781031) wasn't found in the boundary data for position Senator (Q20081441)
WARNING: the district Punjab (Q58781031) wasn't found in the boundary data for position Senator (Q20081441)
WARNING: the district Punjab (Q58781031) wasn't found in the boundary data for position Senator (Q20081441)
WARNING: the district Sindh (Q58781026) wasn't found in the boundary data for position Senator (Q20081441)
WARNING: the district Khyber Pakhtunkhwa (Q58781030) wasn't found in the boundary data for position Senator (Q20081441)
WARNING: the district Khyber Pakhtunkhwa (Q58781030) wasn't found in the boundary data for position Senator (Q20081441)
WARNING: the district Balochistan (Q58781025) wasn't found in the boundary data for position Senator (Q20081441)
WARNING: the district Balochistan (Q58781025) wasn't found in the boundary data for position Senator (Q20081441)
WARNING: the district Khyber Pakhtunkhwa (Q58781030) wasn't found in the boundary data for position Senator (Q20081441)
WARNING: the district Sindh (Q58781026) wasn't found in the boundary data for position Senator (Q20081441)
WARNING: the district Khyber Pakhtunkhwa (Q58781030) wasn't found in the boundary data for position Senator (Q20081441)
WARNING: the district Punjab (Q58781031) wasn't found in the boundary data for position Senator (Q20081441)
WARNING: the district Sindh (Q58781026) wasn't found in the boundary data for position Senator (Q20081441)
WARNING: the district Federal Capital (Q58781038) wasn't found in the boundary data for position Senator (Q20081441)
WARNING: the district Khyber Pakhtunkhwa (Q58781030) wasn't found in the boundary data for position Senator (Q20081441)
WARNING: the district Punjab (Q58781031) wasn't found in the boundary data for position Senator (Q20081441)
WARNING: the district Balochistan (Q58781025) wasn't found in the boundary data for position Senator (Q20081441)
WARNING: the district Federally Administered Tribal Areas (Q58781044) wasn't found in the boundary data for position Senator (Q20081441)
WARNING: the district Balochistan (Q58781025) wasn't found in the boundary data for position Senator (Q20081441)
WARNING: the district Federally Administered Tribal Areas (Q58781044) wasn't found in the boundary data for position Senator (Q20081441)
WARNING: the district Sindh (Q58781026) wasn't found in the boundary data for position Senator (Q20081441)
WARNING: the district Sindh (Q58781026) wasn't found in the boundary data for position Senator (Q20081441)
WARNING: the district Sindh (Q58781026) wasn't found in the boundary data for position Senator (Q20081441)
WARNING: the district Punjab (Q58781031) wasn't found in the boundary data for position Senator (Q20081441)
WARNING: the district Punjab (Q58781031) wasn't found in the boundary data for position Senator (Q20081441)
WARNING: the district Sindh (Q58781026) wasn't found in the boundary data for position Senator (Q20081441)
WARNING: the district Balochistan (Q58781025) wasn't found in the boundary data for position Senator (Q20081441)
WARNING: the district Punjab (Q58781031) wasn't found in the boundary data for position Senator (Q20081441)
WARNING: the district Khyber Pakhtunkhwa (Q58781030) wasn't found in the boundary data for position Senator (Q20081441)
WARNING: the district Balochistan (Q58781025) wasn't found in the boundary data for position Senator (Q20081441)
WARNING: the district Sindh (Q58781026) wasn't found in the boundary data for position Senator (Q20081441)
WARNING: the district Sindh (Q58781026) wasn't found in the boundary data for position Senator (Q20081441)
WARNING: the district Sindh (Q58781026) wasn't found in the boundary data for position Senator (Q20081441)
WARNING: the district Sindh (Q58781026) wasn't found in the boundary data for position Senator (Q20081441)
WARNING: the district Sindh (Q58781026) wasn't found in the boundary data for position Senator (Q20081441)
WARNING: the district Balochistan (Q58781025) wasn't found in the boundary data for position Senator (Q20081441)
WARNING: the district Khyber Pakhtunkhwa (Q58781030) wasn't found in the boundary data for position Senator (Q20081441)
WARNING: the district Khyber Pakhtunkhwa (Q58781030) wasn't found in the boundary data for position Senator (Q20081441)
WARNING: the district Sindh (Q58781026) wasn't found in the boundary data for position Senator (Q20081441)
WARNING: the district Khyber Pakhtunkhwa (Q58781030) wasn't found in the boundary data for position Senator (Q20081441)
WARNING: the district Balochistan (Q58781025) wasn't found in the boundary data for position Senator (Q20081441)
WARNING: the district Sindh (Q58781026) wasn't found in the boundary data for position Senator (Q20081441)
WARNING: the district Sindh (Q58781026) wasn't found in the boundary data for position Senator (Q20081441)
WARNING: the district Balochistan (Q58781025) wasn't found in the boundary data for position Senator (Q20081441)
WARNING: the district Khyber Pakhtunkhwa (Q58781030) wasn't found in the boundary data for position Senator (Q20081441)
WARNING: the district Khyber Pakhtunkhwa (Q58781030) wasn't found in the boundary data for position Senator (Q20081441)
WARNING: the district Sindh (Q58781026) wasn't found in the boundary data for position Senator (Q20081441)
WARNING: the district Sindh (Q58781026) wasn't found in the boundary data for position Senator (Q20081441)
WARNING: the district Sindh (Q58781026) wasn't found in the boundary data for position Senator (Q20081441)
WARNING: the district Federal Capital (Q58781038) wasn't found in the boundary data for position Senator (Q20081441)
WARNING: the district Sindh (Q58781026) wasn't found in the boundary data for position Senator (Q20081441)
WARNING: the district Khyber Pakhtunkhwa (Q58781030) wasn't found in the boundary data for position Senator (Q20081441)
WARNING: Position Member of Provincial Assembly of the Khyber Pakhtunkhwa (Q58873753) not in boundary associated_wikidata_positions
WARNING: the district PK-47 Swabi-V (Q59210252) wasn't found in the boundary data for position Member of Provincial Assembly of the Khyber Pakhtunkhwa (Q58873753)
WARNING: the district PK-50 Mardan-III (Q59210256) wasn't found in the boundary data for position Member of Provincial Assembly of the Khyber Pakhtunkhwa (Q58873753)
WARNING: the district PK-44 Swabi-II (Q59210246) wasn't found in the boundary data for position Member of Provincial Assembly of the Khyber Pakhtunkhwa (Q58873753)
WARNING: the district PK-40 Haripur-I (Q59210241) wasn't found in the boundary data for position Member of Provincial Assembly of the Khyber Pakhtunkhwa (Q58873753)
WARNING: the district PK-22 Buner-III (Q59210221) wasn't found in the boundary data for position Member of Provincial Assembly of the Khyber Pakhtunkhwa (Q58873753)
WARNING: the district PK-35 Tor Ghar (Q59210232) wasn't found in the boundary data for position Member of Provincial Assembly of the Khyber Pakhtunkhwa (Q58873753)
WARNING: the district PK-59 Charsadda-IV (Q59210270) wasn't found in the boundary data for position Member of Provincial Assembly of the Khyber Pakhtunkhwa (Q58873753)
WARNING: the district PK-39 Abbottabad-IV (Q59210240) wasn't found in the boundary data for position Member of Provincial Assembly of the Khyber Pakhtunkhwa (Q58873753)
WARNING: the district PK-38 Abbottabad-III (Q59210239) wasn't found in the boundary data for position Member of Provincial Assembly of the Khyber Pakhtunkhwa (Q58873753)
WARNING: the district PK-98 Dera Ismail Khan-IV (Q59210318) wasn't found in the boundary data for position Member of Provincial Assembly of the Khyber Pakhtunkhwa (Q58873753)
WARNING: the district reserved seats for women in the provincial assembly of Khyber Pakhtunkhwa (Q59210906) wasn't found in the boundary data for position Member of Provincial Assembly of the Khyber Pakhtunkhwa (Q58873753)
WARNING: the district PK-6 Swat-V (Q59210208) wasn't found in the boundary data for position Member of Provincial Assembly of the Khyber Pakhtunkhwa (Q58873753)
WARNING: the district PK-4 Swat-III (Q59210206) wasn't found in the boundary data for position Member of Provincial Assembly of the Khyber Pakhtunkhwa (Q58873753)
WARNING: the district PK-42 Haripur-III (Q59210243) wasn't found in the boundary data for position Member of Provincial Assembly of the Khyber Pakhtunkhwa (Q58873753)
WARNING: the district PK-79 Peshawar-XIV (Q59210297) wasn't found in the boundary data for position Member of Provincial Assembly of the Khyber Pakhtunkhwa (Q58873753)
WARNING: the district PK-5 Swat-IV (Q59210207) wasn't found in the boundary data for position Member of Provincial Assembly of the Khyber Pakhtunkhwa (Q58873753)
WARNING: the district PK-54 Mardan-VII (Q59210260) wasn't found in the boundary data for position Member of Provincial Assembly of the Khyber Pakhtunkhwa (Q58873753)
WARNING: the district reserved seats for women in the provincial assembly of Khyber Pakhtunkhwa (Q59210906) wasn't found in the boundary data for position Member of Provincial Assembly of the Khyber Pakhtunkhwa (Q58873753)
WARNING: the district PK-30 Mansehra-I (Q19600850) wasn't found in the boundary data for position Member of Provincial Assembly of the Khyber Pakhtunkhwa (Q58873753)
WARNING: the district reserved seats for women in the provincial assembly of Khyber Pakhtunkhwa (Q59210906) wasn't found in the boundary data for position Member of Provincial Assembly of the Khyber Pakhtunkhwa (Q58873753)
WARNING: the district reserved seats for women in the provincial assembly of Khyber Pakhtunkhwa (Q59210906) wasn't found in the boundary data for position Member of Provincial Assembly of the Khyber Pakhtunkhwa (Q58873753)
WARNING: the district reserved seats for women in the provincial assembly of Khyber Pakhtunkhwa (Q59210906) wasn't found in the boundary data for position Member of Provincial Assembly of the Khyber Pakhtunkhwa (Q58873753)
WARNING: the district PK-9 Swat-VIII (Q59210212) wasn't found in the boundary data for position Member of Provincial Assembly of the Khyber Pakhtunkhwa (Q58873753)
WARNING: the district PK-8 Swat-VII (Q59210210) wasn't found in the boundary data for position Member of Provincial Assembly of the Khyber Pakhtunkhwa (Q58873753)
WARNING: the district PK-91 Lakki Marwat-I (Q59210310) wasn't found in the boundary data for position Member of Provincial Assembly of the Khyber Pakhtunkhwa (Q58873753)
WARNING: the district PK-11 Upper Dir-II (Q19600830) wasn't found in the boundary data for position Member of Provincial Assembly of the Khyber Pakhtunkhwa (Q58873753)
WARNING: the district PK-37 Abbottabad-II (Q59210236) wasn't found in the boundary data for position Member of Provincial Assembly of the Khyber Pakhtunkhwa (Q58873753)
WARNING: the district PK-49 Mardan-II (Q59210255) wasn't found in the boundary data for position Member of Provincial Assembly of the Khyber Pakhtunkhwa (Q58873753)
WARNING: the district PK-12 Upper Dir-III (Q19600831) wasn't found in the boundary data for position Member of Provincial Assembly of the Khyber Pakhtunkhwa (Q58873753)
WARNING: the district PK-18 Malakand Protected Area-I (Q59210217) wasn't found in the boundary data for position Member of Provincial Assembly of the Khyber Pakhtunkhwa (Q58873753)
WARNING: the district PK-45 Swabi-III (Q59210248) wasn't found in the boundary data for position Member of Provincial Assembly of the Khyber Pakhtunkhwa (Q58873753)
WARNING: the district PK-56 Charsadda-I (Q59210266) wasn't found in the boundary data for position Member of Provincial Assembly of the Khyber Pakhtunkhwa (Q58873753)
WARNING: the district PK-1 Chitral (Q19600912) wasn't found in the boundary data for position Member of Provincial Assembly of the Khyber Pakhtunkhwa (Q58873753)
WARNING: the district PK-2 Swat-I (Q59210203) wasn't found in the boundary data for position Member of Provincial Assembly of the Khyber Pakhtunkhwa (Q58873753)
WARNING: the district PK-10 Upper Dir-I (Q59210213) wasn't found in the boundary data for position Member of Provincial Assembly of the Khyber Pakhtunkhwa (Q58873753)
WARNING: the district PK-19 Malakand Protected Area-II (Q59210218) wasn't found in the boundary data for position Member of Provincial Assembly of the Khyber Pakhtunkhwa (Q58873753)
WARNING: the district PK-21 Buner-II (Q59210220) wasn't found in the boundary data for position Member of Provincial Assembly of the Khyber Pakhtunkhwa (Q58873753)
WARNING: the district PK-24 Shangla-II (Q59210222) wasn't found in the boundary data for position Member of Provincial Assembly of the Khyber Pakhtunkhwa (Q58873753)
WARNING: the district PK-25 Kohistan (Q59210223) wasn't found in the boundary data for position Member of Provincial Assembly of the Khyber Pakhtunkhwa (Q58873753)
WARNING: the district PK-27 Kolai Palas Kohistan (Q59210225) wasn't found in the boundary data for position Member of Provincial Assembly of the Khyber Pakhtunkhwa (Q58873753)
WARNING: the district PK-31 Mansehra-II (Q59210228) wasn't found in the boundary data for position Member of Provincial Assembly of the Khyber Pakhtunkhwa (Q58873753)
WARNING: the district PK-33 Mansehra-IV (Q59210230) wasn't found in the boundary data for position Member of Provincial Assembly of the Khyber Pakhtunkhwa (Q58873753)
WARNING: the district PK-36 Abbottabad-I (Q59210234) wasn't found in the boundary data for position Member of Provincial Assembly of the Khyber Pakhtunkhwa (Q58873753)
WARNING: the district PK-41 Haripur-II (Q59210242) wasn't found in the boundary data for position Member of Provincial Assembly of the Khyber Pakhtunkhwa (Q58873753)
WARNING: the district PK-43 Swabi-I (Q59210245) wasn't found in the boundary data for position Member of Provincial Assembly of the Khyber Pakhtunkhwa (Q58873753)
WARNING: the district PK-48 Mardan-I (Q59210254) wasn't found in the boundary data for position Member of Provincial Assembly of the Khyber Pakhtunkhwa (Q58873753)
WARNING: the district PK-51 Mardan-IV (Q59210257) wasn't found in the boundary data for position Member of Provincial Assembly of the Khyber Pakhtunkhwa (Q58873753)
WARNING: the district PK-57 Charsadda-II (Q59210267) wasn't found in the boundary data for position Member of Provincial Assembly of the Khyber Pakhtunkhwa (Q58873753)
WARNING: the district PK-96 Dera Ismail Khan-II (Q59210317) wasn't found in the boundary data for position Member of Provincial Assembly of the Khyber Pakhtunkhwa (Q58873753)
WARNING: the district reserved seats for women in the provincial assembly of Khyber Pakhtunkhwa (Q59210906) wasn't found in the boundary data for position Member of Provincial Assembly of the Khyber Pakhtunkhwa (Q58873753)
WARNING: the district reserved seats for women in the provincial assembly of Khyber Pakhtunkhwa (Q59210906) wasn't found in the boundary data for position Member of Provincial Assembly of the Khyber Pakhtunkhwa (Q58873753)
WARNING: the district reserved seats for women in the provincial assembly of Khyber Pakhtunkhwa (Q59210906) wasn't found in the boundary data for position Member of Provincial Assembly of the Khyber Pakhtunkhwa (Q58873753)
WARNING: the district reserved seats for women in the provincial assembly of Khyber Pakhtunkhwa (Q59210906) wasn't found in the boundary data for position Member of Provincial Assembly of the Khyber Pakhtunkhwa (Q58873753)
WARNING: the district reserved seats for women in the provincial assembly of Khyber Pakhtunkhwa (Q59210906) wasn't found in the boundary data for position Member of Provincial Assembly of the Khyber Pakhtunkhwa (Q58873753)
WARNING: the district reserved seats for women in the provincial assembly of Khyber Pakhtunkhwa (Q59210906) wasn't found in the boundary data for position Member of Provincial Assembly of the Khyber Pakhtunkhwa (Q58873753)
WARNING: the district reserved seats for women in the provincial assembly of Khyber Pakhtunkhwa (Q59210906) wasn't found in the boundary data for position Member of Provincial Assembly of the Khyber Pakhtunkhwa (Q58873753)
WARNING: the district reserved seats for women in the provincial assembly of Khyber Pakhtunkhwa (Q59210906) wasn't found in the boundary data for position Member of Provincial Assembly of the Khyber Pakhtunkhwa (Q58873753)
WARNING: the district reserved seats for women in the provincial assembly of Khyber Pakhtunkhwa (Q59210906) wasn't found in the boundary data for position Member of Provincial Assembly of the Khyber Pakhtunkhwa (Q58873753)
WARNING: the district reserved seats for women in the provincial assembly of Khyber Pakhtunkhwa (Q59210906) wasn't found in the boundary data for position Member of Provincial Assembly of the Khyber Pakhtunkhwa (Q58873753)
WARNING: the district reserved seats for women in the provincial assembly of Khyber Pakhtunkhwa (Q59210906) wasn't found in the boundary data for position Member of Provincial Assembly of the Khyber Pakhtunkhwa (Q58873753)
WARNING: the district reserved seats for women in the provincial assembly of Khyber Pakhtunkhwa (Q59210906) wasn't found in the boundary data for position Member of Provincial Assembly of the Khyber Pakhtunkhwa (Q58873753)
WARNING: the district reserved seats for minorities in the provincial assembly of Khyber Pakhtunkhwa (Q59210905) wasn't found in the boundary data for position Member of Provincial Assembly of the Khyber Pakhtunkhwa (Q58873753)
WARNING: the district reserved seats for minorities in the provincial assembly of Khyber Pakhtunkhwa (Q59210905) wasn't found in the boundary data for position Member of Provincial Assembly of the Khyber Pakhtunkhwa (Q58873753)
WARNING: the district PK-13 Lower Dir-I (Q19600832) wasn't found in the boundary data for position Member of Provincial Assembly of the Khyber Pakhtunkhwa (Q58873753)
WARNING: the district PK-14 Lower Dir-II (Q19600833) wasn't found in the boundary data for position Member of Provincial Assembly of the Khyber Pakhtunkhwa (Q58873753)
WARNING: the district PK-15 Lower Dir-III (Q19600834) wasn't found in the boundary data for position Member of Provincial Assembly of the Khyber Pakhtunkhwa (Q58873753)
WARNING: the district PK-16 Lower Dir-IV (Q17069395) wasn't found in the boundary data for position Member of Provincial Assembly of the Khyber Pakhtunkhwa (Q58873753)
WARNING: the district PK-20 Buner-I (Q59210219) wasn't found in the boundary data for position Member of Provincial Assembly of the Khyber Pakhtunkhwa (Q58873753)
WARNING: the district PK-17 Lower Dir-V (Q19600836) wasn't found in the boundary data for position Member of Provincial Assembly of the Khyber Pakhtunkhwa (Q58873753)
WARNING: the district PK-26 Kohistan Lower (Q59210224) wasn't found in the boundary data for position Member of Provincial Assembly of the Khyber Pakhtunkhwa (Q58873753)
WARNING: the district PK-29 Battagram-II (Q59210227) wasn't found in the boundary data for position Member of Provincial Assembly of the Khyber Pakhtunkhwa (Q58873753)
WARNING: the district PK-28 Battagram-I (Q59210226) wasn't found in the boundary data for position Member of Provincial Assembly of the Khyber Pakhtunkhwa (Q58873753)
WARNING: the district PK-32 Mansehra-III (Q59210229) wasn't found in the boundary data for position Member of Provincial Assembly of the Khyber Pakhtunkhwa (Q58873753)
WARNING: the district PK-55 Mardan-VIII (Q59210261) wasn't found in the boundary data for position Member of Provincial Assembly of the Khyber Pakhtunkhwa (Q58873753)
WARNING: the district PK-52 Mardan-V (Q59210258) wasn't found in the boundary data for position Member of Provincial Assembly of the Khyber Pakhtunkhwa (Q58873753)
WARNING: the district reserved seats for women in the provincial assembly of Khyber Pakhtunkhwa (Q59210906) wasn't found in the boundary data for position Member of Provincial Assembly of the Khyber Pakhtunkhwa (Q58873753)
WARNING: the district reserved seats for women in the provincial assembly of Khyber Pakhtunkhwa (Q59210906) wasn't found in the boundary data for position Member of Provincial Assembly of the Khyber Pakhtunkhwa (Q58873753)
WARNING: the district reserved seats for minorities in the provincial assembly of Khyber Pakhtunkhwa (Q59210905) wasn't found in the boundary data for position Member of Provincial Assembly of the Khyber Pakhtunkhwa (Q58873753)
WARNING: the district PK-7 Swat-VI (Q59210209) wasn't found in the boundary data for position Member of Provincial Assembly of the Khyber Pakhtunkhwa (Q58873753)
WARNING: the district PK-99 Dera Ismail Khan-V (Q59210319) wasn't found in the boundary data for position Member of Provincial Assembly of the Khyber Pakhtunkhwa (Q58873753)
WARNING: the district reserved seats for women in the provincial assembly of Khyber Pakhtunkhwa (Q59210906) wasn't found in the boundary data for position Member of Provincial Assembly of the Khyber Pakhtunkhwa (Q58873753)
WARNING: the district reserved seats for women in the provincial assembly of Khyber Pakhtunkhwa (Q59210906) wasn't found in the boundary data for position Member of Provincial Assembly of the Khyber Pakhtunkhwa (Q58873753)
WARNING: the district reserved seats for women in the provincial assembly of Khyber Pakhtunkhwa (Q59210906) wasn't found in the boundary data for position Member of Provincial Assembly of the Khyber Pakhtunkhwa (Q58873753)
WARNING: the district PK-34 Mansehra-V (Q59210231) wasn't found in the boundary data for position Member of Provincial Assembly of the Khyber Pakhtunkhwa (Q58873753)
WARNING: Position Member of the Islamabad Metropolitan Corporation (Q58873781) not in boundary associated_wikidata_positions
WARNING: Position Member of the Hyderabad Municipal Corporation (Q58873780) not in boundary associated_wikidata_positions
WARNING: Position Member of Provincial Assembly of the Balochistan (Q58873596) not in boundary associated_wikidata_positions
WARNING: the district PB-26 Quetta-III (Q59207270) wasn't found in the boundary data for position Member of Provincial Assembly of the Balochistan (Q58873596)
WARNING: the district PB-38 Khuzdar-I (Q59207283) wasn't found in the boundary data for position Member of Provincial Assembly of the Balochistan (Q58873596)
WARNING: the district PB-20 Pishin-III (Q59207260) wasn't found in the boundary data for position Member of Provincial Assembly of the Balochistan (Q58873596)
WARNING: the district PB-50 Lasbela-II (Q59207299) wasn't found in the boundary data for position Member of Provincial Assembly of the Balochistan (Q58873596)
WARNING: the district PB-36 Shaheed Sikandarabad (Q59207281) wasn't found in the boundary data for position Member of Provincial Assembly of the Balochistan (Q58873596)
WARNING: the district PB-27 Quetta-IV (Q59207271) wasn't found in the boundary data for position Member of Provincial Assembly of the Balochistan (Q58873596)
WARNING: the district PB-44 Awaran-Cum-Pajgur (Q59207292) wasn't found in the boundary data for position Member of Provincial Assembly of the Balochistan (Q58873596)
WARNING: the district PB-48 Kech-IV (Q59207297) wasn't found in the boundary data for position Member of Provincial Assembly of the Balochistan (Q58873596)
WARNING: the district PB-51 Gawadar (Q59207300) wasn't found in the boundary data for position Member of Provincial Assembly of the Balochistan (Q58873596)
WARNING: the district PB-7 Sibi-cum-Lehri (Q59207234) wasn't found in the boundary data for position Member of Provincial Assembly of the Balochistan (Q58873596)
WARNING: the district PB-16 Jhall Magsi-cum-Kachhi (Q59207250) wasn't found in the boundary data for position Member of Provincial Assembly of the Balochistan (Q58873596)
WARNING: the district PB-8 Barkhan (Q59207241) wasn't found in the boundary data for position Member of Provincial Assembly of the Balochistan (Q58873596)
WARNING: the district PB-21 Killa Abdullah-I (Q59207262) wasn't found in the boundary data for position Member of Provincial Assembly of the Balochistan (Q58873596)
WARNING: the district PB-35 Mustung (Q59207280) wasn't found in the boundary data for position Member of Provincial Assembly of the Balochistan (Q58873596)
WARNING: the district PB-2 Zhob (Q59207229) wasn't found in the boundary data for position Member of Provincial Assembly of the Balochistan (Q58873596)
WARNING: the district PB-3 Killa Saifullah (Q59207230) wasn't found in the boundary data for position Member of Provincial Assembly of the Balochistan (Q58873596)
WARNING: the district PB-9 Kohlu (Q59207242) wasn't found in the boundary data for position Member of Provincial Assembly of the Balochistan (Q58873596)
WARNING: the district PB-10 Dera Bugti (Q59207244) wasn't found in the boundary data for position Member of Provincial Assembly of the Balochistan (Q58873596)
WARNING: the district PB-5 Duki (Q59207232) wasn't found in the boundary data for position Member of Provincial Assembly of the Balochistan (Q58873596)
WARNING: the district PB-6 Ziarat-Cum-Harnai (Q59207233) wasn't found in the boundary data for position Member of Provincial Assembly of the Balochistan (Q58873596)
WARNING: the district PB-11 Nasirabad-I (Q59207245) wasn't found in the boundary data for position Member of Provincial Assembly of the Balochistan (Q58873596)
WARNING: the district PB-13 Jaffarabad-I (Q59207247) wasn't found in the boundary data for position Member of Provincial Assembly of the Balochistan (Q58873596)
WARNING: the district PB-15 Sohbat Pur (Q59207249) wasn't found in the boundary data for position Member of Provincial Assembly of the Balochistan (Q58873596)
WARNING: the district PB-17 Kachhi-cum-Mastung (Q59207256) wasn't found in the boundary data for position Member of Provincial Assembly of the Balochistan (Q58873596)
WARNING: the district PB-18 Pishin-I (Q59207257) wasn't found in the boundary data for position Member of Provincial Assembly of the Balochistan (Q58873596)
WARNING: the district PB-19 Pishin-II (Q59207258) wasn't found in the boundary data for position Member of Provincial Assembly of the Balochistan (Q58873596)
WARNING: the district PB-22 Killa Abdullah-II (Q59207263) wasn't found in the boundary data for position Member of Provincial Assembly of the Balochistan (Q58873596)
WARNING: the district PB-23 Killa Abdullah-III (Q59207264) wasn't found in the boundary data for position Member of Provincial Assembly of the Balochistan (Q58873596)
WARNING: the district PB-24 Quetta-I (Q59207265) wasn't found in the boundary data for position Member of Provincial Assembly of the Balochistan (Q58873596)
WARNING: the district PB-25 Quetta-II (Q59207266) wasn't found in the boundary data for position Member of Provincial Assembly of the Balochistan (Q58873596)
WARNING: the district PB-28 Quetta-V (Q59207272) wasn't found in the boundary data for position Member of Provincial Assembly of the Balochistan (Q58873596)
WARNING: the district PB-29 Quetta-VI (Q59207273) wasn't found in the boundary data for position Member of Provincial Assembly of the Balochistan (Q58873596)
WARNING: the district PB-31 Quetta-VIII (Q59207275) wasn't found in the boundary data for position Member of Provincial Assembly of the Balochistan (Q58873596)
WARNING: the district PB-33 Nushki (Q59207277) wasn't found in the boundary data for position Member of Provincial Assembly of the Balochistan (Q58873596)
WARNING: the district PB-34 Chagai (Q59207278) wasn't found in the boundary data for position Member of Provincial Assembly of the Balochistan (Q58873596)
WARNING: the district PB-37 Kalat (Q59207282) wasn't found in the boundary data for position Member of Provincial Assembly of the Balochistan (Q58873596)
WARNING: the district PB-30 Quetta-VII (Q59207274) wasn't found in the boundary data for position Member of Provincial Assembly of the Balochistan (Q58873596)
WARNING: the district PB-39 Khuzdar-II (Q59207284) wasn't found in the boundary data for position Member of Provincial Assembly of the Balochistan (Q58873596)
WARNING: the district PB-45 Kech-I (Q59207293) wasn't found in the boundary data for position Member of Provincial Assembly of the Balochistan (Q58873596)
WARNING: the district PB-46 Kech-II (Q59207294) wasn't found in the boundary data for position Member of Provincial Assembly of the Balochistan (Q58873596)
WARNING: the district PB-47 Kech-III (Q59207296) wasn't found in the boundary data for position Member of Provincial Assembly of the Balochistan (Q58873596)
WARNING: the district reserved seats for women in the provincial assembly of Balochistan (Q59210900) wasn't found in the boundary data for position Member of Provincial Assembly of the Balochistan (Q58873596)
WARNING: the district reserved seats for women in the provincial assembly of Balochistan (Q59210900) wasn't found in the boundary data for position Member of Provincial Assembly of the Balochistan (Q58873596)
WARNING: the district reserved seats for women in the provincial assembly of Balochistan (Q59210900) wasn't found in the boundary data for position Member of Provincial Assembly of the Balochistan (Q58873596)
WARNING: the district reserved seats for women in the provincial assembly of Balochistan (Q59210900) wasn't found in the boundary data for position Member of Provincial Assembly of the Balochistan (Q58873596)
WARNING: the district reserved seats for women in the provincial assembly of Balochistan (Q59210900) wasn't found in the boundary data for position Member of Provincial Assembly of the Balochistan (Q58873596)
WARNING: the district reserved seats for women in the provincial assembly of Balochistan (Q59210900) wasn't found in the boundary data for position Member of Provincial Assembly of the Balochistan (Q58873596)
WARNING: the district reserved seats for women in the provincial assembly of Balochistan (Q59210900) wasn't found in the boundary data for position Member of Provincial Assembly of the Balochistan (Q58873596)
WARNING: the district reserved seats for women in the provincial assembly of Balochistan (Q59210900) wasn't found in the boundary data for position Member of Provincial Assembly of the Balochistan (Q58873596)
WARNING: the district Non-Muslim reserved seats in the provincial assembly of Balochistan (Q59210879) wasn't found in the boundary data for position Member of Provincial Assembly of the Balochistan (Q58873596)
WARNING: the district Non-Muslim reserved seats in the provincial assembly of Balochistan (Q59210879) wasn't found in the boundary data for position Member of Provincial Assembly of the Balochistan (Q58873596)
WARNING: the district PB-1 Musakhail-cum-Sherani (Q59207228) wasn't found in the boundary data for position Member of Provincial Assembly of the Balochistan (Q58873596)
WARNING: the district PB-43 Panjgur (Q59207288) wasn't found in the boundary data for position Member of Provincial Assembly of the Balochistan (Q58873596)
WARNING: the district Non-Muslim reserved seats in the provincial assembly of Balochistan (Q59210879) wasn't found in the boundary data for position Member of Provincial Assembly of the Balochistan (Q58873596)
WARNING: the district PB-40 Khuzdar-III (Q59207285) wasn't found in the boundary data for position Member of Provincial Assembly of the Balochistan (Q58873596)
WARNING: the district PB-32 Quetta-IX (Q59207276) wasn't found in the boundary data for position Member of Provincial Assembly of the Balochistan (Q58873596)
WARNING: the district reserved seats for women in the provincial assembly of Balochistan (Q59210900) wasn't found in the boundary data for position Member of Provincial Assembly of the Balochistan (Q58873596)
WARNING: the district reserved seats for women in the provincial assembly of Balochistan (Q59210900) wasn't found in the boundary data for position Member of Provincial Assembly of the Balochistan (Q58873596)
WARNING: the district reserved seats for women in the provincial assembly of Balochistan (Q59210900) wasn't found in the boundary data for position Member of Provincial Assembly of the Balochistan (Q58873596)
WARNING: the district PB-41 Washuk (Q59207286) wasn't found in the boundary data for position Member of Provincial Assembly of the Balochistan (Q58873596)
WARNING: the district PB-14 Jaffarabad-II (Q59207248) wasn't found in the boundary data for position Member of Provincial Assembly of the Balochistan (Q58873596)
WARNING: the district PB-49 Lasbela-I (Q59207298) wasn't found in the boundary data for position Member of Provincial Assembly of the Balochistan (Q58873596)
WARNING: the district PB-42 Kharan (Q59207287) wasn't found in the boundary data for position Member of Provincial Assembly of the Balochistan (Q58873596)
WARNING: Position Member of the Provincial Assembly of Sindh (Q51876984) not in boundary associated_wikidata_positions
WARNING: the district PS-6 Kashmore-III (Q59207678) wasn't found in the boundary data for position Member of the Provincial Assembly of Sindh (Q51876984)
WARNING: the district Non-Muslim reserved seats in the provincial assembly of Sindh (Q59210881) wasn't found in the boundary data for position Member of the Provincial Assembly of Sindh (Q51876984)
WARNING: the district PS-127 Karachi Central-V (Q59207849) wasn't found in the boundary data for position Member of the Provincial Assembly of Sindh (Q51876984)
WARNING: the district PS-12 Larkana-III (Q59207686) wasn't found in the boundary data for position Member of the Provincial Assembly of Sindh (Q51876984)
WARNING: the district PS-9 Shikarpur-III (Q59207681) wasn't found in the boundary data for position Member of the Provincial Assembly of Sindh (Q51876984)
WARNING: the district PS-104 Karachi East-VI (Q59207818) wasn't found in the boundary data for position Member of the Provincial Assembly of Sindh (Q51876984)
WARNING: the district PS-10 Larkana-I (Q59207683) wasn't found in the boundary data for position Member of the Provincial Assembly of Sindh (Q51876984)
WARNING: the district PS-124 Karachi Central-II (Q59207845) wasn't found in the boundary data for position Member of the Provincial Assembly of Sindh (Q51876984)
WARNING: the district PS-98 Korangi Karachi-VII (Q59207808) wasn't found in the boundary data for position Member of the Provincial Assembly of Sindh (Q51876984)
WARNING: the district Non-Muslim reserved seats in the provincial assembly of Sindh (Q59210881) wasn't found in the boundary data for position Member of the Provincial Assembly of Sindh (Q51876984)
WARNING: the district PS-120 Karachi west-IX (Q59207840) wasn't found in the boundary data for position Member of the Provincial Assembly of Sindh (Q51876984)
WARNING: the district PS-4 Kashmore-I (Q59207676) wasn't found in the boundary data for position Member of the Provincial Assembly of Sindh (Q51876984)
WARNING: the district PS-70 Badin-I (Q59207765) wasn't found in the boundary data for position Member of the Provincial Assembly of Sindh (Q51876984)
WARNING: the district PS-23 Sukkur-II (Q59207698) wasn't found in the boundary data for position Member of the Provincial Assembly of Sindh (Q51876984)
WARNING: the district PS-44 Sanghar-IV (Q59207727) wasn't found in the boundary data for position Member of the Provincial Assembly of Sindh (Q51876984)
WARNING: the district PS-5 Kashmore-II (Q59207677) wasn't found in the boundary data for position Member of the Provincial Assembly of Sindh (Q51876984)
WARNING: the district PS-7 Shikarpur-I (Q59207679) wasn't found in the boundary data for position Member of the Provincial Assembly of Sindh (Q51876984)
WARNING: the district PS-110 Karachi South-IV (Q59207825) wasn't found in the boundary data for position Member of the Provincial Assembly of Sindh (Q51876984)
WARNING: the district PS-14 Kamber Shahdadkot-I (Q59207688) wasn't found in the boundary data for position Member of the Provincial Assembly of Sindh (Q51876984)
WARNING: the district PS-92 Korangi Karachi-I (Q59207798) wasn't found in the boundary data for position Member of the Provincial Assembly of Sindh (Q51876984)
WARNING: the district PS-3 Jacobabad-III (Q59207675) wasn't found in the boundary data for position Member of the Provincial Assembly of Sindh (Q51876984)
WARNING: the district PS-8 Shikarpur-II (Q59207680) wasn't found in the boundary data for position Member of the Provincial Assembly of Sindh (Q51876984)
WARNING: the district PS-16 Kamber Shahdadkot-III (Q59207690) wasn't found in the boundary data for position Member of the Provincial Assembly of Sindh (Q51876984)
WARNING: the district PS-2 Jacobabad-II (Q59207672) wasn't found in the boundary data for position Member of the Provincial Assembly of Sindh (Q51876984)
WARNING: the district PS-123 Karachi Central-I (Q59207844) wasn't found in the boundary data for position Member of the Provincial Assembly of Sindh (Q51876984)
WARNING: the district Non-Muslim reserved seats in the provincial assembly of Sindh (Q59210881) wasn't found in the boundary data for position Member of the Provincial Assembly of Sindh (Q51876984)
WARNING: the district Non-Muslim reserved seats in the provincial assembly of Sindh (Q59210881) wasn't found in the boundary data for position Member of the Provincial Assembly of Sindh (Q51876984)
WARNING: the district reserved seats for women in the provincial assembly of Sindh (Q59210903) wasn't found in the boundary data for position Member of the Provincial Assembly of Sindh (Q51876984)
WARNING: the district reserved seats for women in the provincial assembly of Sindh (Q59210903) wasn't found in the boundary data for position Member of the Provincial Assembly of Sindh (Q51876984)
WARNING: the district reserved seats for women in the provincial assembly of Sindh (Q59210903) wasn't found in the boundary data for position Member of the Provincial Assembly of Sindh (Q51876984)
WARNING: the district reserved seats for women in the provincial assembly of Sindh (Q59210903) wasn't found in the boundary data for position Member of the Provincial Assembly of Sindh (Q51876984)
WARNING: the district reserved seats for women in the provincial assembly of Sindh (Q59210903) wasn't found in the boundary data for position Member of the Provincial Assembly of Sindh (Q51876984)
WARNING: the district reserved seats for women in the provincial assembly of Sindh (Q59210903) wasn't found in the boundary data for position Member of the Provincial Assembly of Sindh (Q51876984)
WARNING: the district reserved seats for women in the provincial assembly of Sindh (Q59210903) wasn't found in the boundary data for position Member of the Provincial Assembly of Sindh (Q51876984)
WARNING: the district reserved seats for women in the provincial assembly of Sindh (Q59210903) wasn't found in the boundary data for position Member of the Provincial Assembly of Sindh (Q51876984)
WARNING: the district reserved seats for women in the provincial assembly of Sindh (Q59210903) wasn't found in the boundary data for position Member of the Provincial Assembly of Sindh (Q51876984)
WARNING: the district reserved seats for women in the provincial assembly of Sindh (Q59210903) wasn't found in the boundary data for position Member of the Provincial Assembly of Sindh (Q51876984)
WARNING: the district reserved seats for women in the provincial assembly of Sindh (Q59210903) wasn't found in the boundary data for position Member of the Provincial Assembly of Sindh (Q51876984)
WARNING: the district reserved seats for women in the provincial assembly of Sindh (Q59210903) wasn't found in the boundary data for position Member of the Provincial Assembly of Sindh (Q51876984)
WARNING: the district PS-111 Karachi South-V (Q59207827) wasn't found in the boundary data for position Member of the Provincial Assembly of Sindh (Q51876984)
WARNING: the district PS-11 Larkana-II (Q59207684) wasn't found in the boundary data for position Member of the Provincial Assembly of Sindh (Q51876984)
WARNING: the district PS-1 Jacobabad-I (Q59207671) wasn't found in the boundary data for position Member of the Provincial Assembly of Sindh (Q51876984)
WARNING: the district PS-13 Larkana-IV (Q59207687) wasn't found in the boundary data for position Member of the Provincial Assembly of Sindh (Q51876984)
WARNING: the district PS-15 Kamber Shahdadkot-II (Q59207689) wasn't found in the boundary data for position Member of the Provincial Assembly of Sindh (Q51876984)
WARNING: the district PS-17 Kamber Shahdadkot-IV (Q59207691) wasn't found in the boundary data for position Member of the Provincial Assembly of Sindh (Q51876984)
WARNING: the district PS-18 Ghotki-I (Q59207692) wasn't found in the boundary data for position Member of the Provincial Assembly of Sindh (Q51876984)
WARNING: the district PS-58 Matiari-I (Q59207747) wasn't found in the boundary data for position Member of the Provincial Assembly of Sindh (Q51876984)
WARNING: the district PS-77 Thatta-I (Q59207776) wasn't found in the boundary data for position Member of the Provincial Assembly of Sindh (Q51876984)
WARNING: the district PS-78 Thatta-II (Q59207777) wasn't found in the boundary data for position Member of the Provincial Assembly of Sindh (Q51876984)
WARNING: the district PS-91 Malir-V (Q59207797) wasn't found in the boundary data for position Member of the Provincial Assembly of Sindh (Q51876984)
WARNING: the district PS-93 Korangi Karachi-II (Q59207802) wasn't found in the boundary data for position Member of the Provincial Assembly of Sindh (Q51876984)
WARNING: the district PS-94 Korangi Karachi-III (Q59207803) wasn't found in the boundary data for position Member of the Provincial Assembly of Sindh (Q51876984)
WARNING: the district PS-95 Korangi Karachi-IV (Q59207804) wasn't found in the boundary data for position Member of the Provincial Assembly of Sindh (Q51876984)
WARNING: the district PS-96 Korangi Karachi-V (Q59207805) wasn't found in the boundary data for position Member of the Provincial Assembly of Sindh (Q51876984)
WARNING: the district PS-97 Korangi Karachi-VI (Q59207807) wasn't found in the boundary data for position Member of the Provincial Assembly of Sindh (Q51876984)
WARNING: the district PS-99 Karachi East-I (Q59207809) wasn't found in the boundary data for position Member of the Provincial Assembly of Sindh (Q51876984)
WARNING: the district PS-100 Karachi East-II (Q59207810) wasn't found in the boundary data for position Member of the Provincial Assembly of Sindh (Q51876984)
WARNING: the district PS-101 Karachi East-III (Q59207811) wasn't found in the boundary data for position Member of the Provincial Assembly of Sindh (Q51876984)
WARNING: the district PS-102 Karachi East-IV (Q59207816) wasn't found in the boundary data for position Member of the Provincial Assembly of Sindh (Q51876984)
WARNING: the district PS-103 Karachi East-V (Q59207817) wasn't found in the boundary data for position Member of the Provincial Assembly of Sindh (Q51876984)
WARNING: the district PS-105 Karachi East-VII (Q59207819) wasn't found in the boundary data for position Member of the Provincial Assembly of Sindh (Q51876984)
WARNING: the district PS-106 Karachi East-VIII (Q59207820) wasn't found in the boundary data for position Member of the Provincial Assembly of Sindh (Q51876984)
WARNING: the district PS-107 Karachi South-I (Q59207821) wasn't found in the boundary data for position Member of the Provincial Assembly of Sindh (Q51876984)
WARNING: the district PS-108 Karachi South-II (Q59207822) wasn't found in the boundary data for position Member of the Provincial Assembly of Sindh (Q51876984)
WARNING: the district PS-109 Karachi South-III (Q59207823) wasn't found in the boundary data for position Member of the Provincial Assembly of Sindh (Q51876984)
WARNING: the district PS-112 Karachi west-I (Q59207828) wasn't found in the boundary data for position Member of the Provincial Assembly of Sindh (Q51876984)
WARNING: the district PS-113 Karachi west-II (Q59207829) wasn't found in the boundary data for position Member of the Provincial Assembly of Sindh (Q51876984)
WARNING: the district PS-114 Karachi west-III (Q59207831) wasn't found in the boundary data for position Member of the Provincial Assembly of Sindh (Q51876984)
WARNING: the district PS-116 Karachi west-V (Q59207834) wasn't found in the boundary data for position Member of the Provincial Assembly of Sindh (Q51876984)
WARNING: the district PS-117 Karachi west-VI (Q59207836) wasn't found in the boundary data for position Member of the Provincial Assembly of Sindh (Q51876984)
WARNING: the district PS-118 Karachi west-VII (Q59207837) wasn't found in the boundary data for position Member of the Provincial Assembly of Sindh (Q51876984)
WARNING: the district PS-119 Karachi west-VIII (Q59207838) wasn't found in the boundary data for position Member of the Provincial Assembly of Sindh (Q51876984)
WARNING: the district PS-121 Karachi west-X (Q59207841) wasn't found in the boundary data for position Member of the Provincial Assembly of Sindh (Q51876984)
WARNING: the district PS-122 Karachi west-XI (Q59207843) wasn't found in the boundary data for position Member of the Provincial Assembly of Sindh (Q51876984)
WARNING: the district PS-126 Karachi Central-IV (Q59207848) wasn't found in the boundary data for position Member of the Provincial Assembly of Sindh (Q51876984)
WARNING: the district PS-128 Karachi Central-VI (Q59207850) wasn't found in the boundary data for position Member of the Provincial Assembly of Sindh (Q51876984)
WARNING: the district PS-125 Karachi Central-III (Q59207847) wasn't found in the boundary data for position Member of the Provincial Assembly of Sindh (Q51876984)
WARNING: the district PS-129 Karachi Central-VII (Q59207855) wasn't found in the boundary data for position Member of the Provincial Assembly of Sindh (Q51876984)
WARNING: the district PS-130 Karachi Central-VIII (Q59207856) wasn't found in the boundary data for position Member of the Provincial Assembly of Sindh (Q51876984)
WARNING: the district reserved seats for women in the provincial assembly of Sindh (Q59210903) wasn't found in the boundary data for position Member of the Provincial Assembly of Sindh (Q51876984)
WARNING: the district Non-Muslim reserved seats in the provincial assembly of Sindh (Q59210881) wasn't found in the boundary data for position Member of the Provincial Assembly of Sindh (Q51876984)
WARNING: the district reserved seats for women in the provincial assembly of Sindh (Q59210903) wasn't found in the boundary data for position Member of the Provincial Assembly of Sindh (Q51876984)
WARNING: the district reserved seats for women in the provincial assembly of Sindh (Q59210903) wasn't found in the boundary data for position Member of the Provincial Assembly of Sindh (Q51876984)
WARNING: the district reserved seats for women in the provincial assembly of Sindh (Q59210903) wasn't found in the boundary data for position Member of the Provincial Assembly of Sindh (Q51876984)
WARNING: the district reserved seats for women in the provincial assembly of Sindh (Q59210903) wasn't found in the boundary data for position Member of the Provincial Assembly of Sindh (Q51876984)
WARNING: the district reserved seats for women in the provincial assembly of Sindh (Q59210903) wasn't found in the boundary data for position Member of the Provincial Assembly of Sindh (Q51876984)
WARNING: the district reserved seats for women in the provincial assembly of Sindh (Q59210903) wasn't found in the boundary data for position Member of the Provincial Assembly of Sindh (Q51876984)
WARNING: the district reserved seats for women in the provincial assembly of Sindh (Q59210903) wasn't found in the boundary data for position Member of the Provincial Assembly of Sindh (Q51876984)
WARNING: the district reserved seats for women in the provincial assembly of Sindh (Q59210903) wasn't found in the boundary data for position Member of the Provincial Assembly of Sindh (Q51876984)
WARNING: the district reserved seats for women in the provincial assembly of Sindh (Q59210903) wasn't found in the boundary data for position Member of the Provincial Assembly of Sindh (Q51876984)
WARNING: the district reserved seats for women in the provincial assembly of Sindh (Q59210903) wasn't found in the boundary data for position Member of the Provincial Assembly of Sindh (Q51876984)
WARNING: the district reserved seats for women in the provincial assembly of Sindh (Q59210903) wasn't found in the boundary data for position Member of the Provincial Assembly of Sindh (Q51876984)
WARNING: the district reserved seats for women in the provincial assembly of Sindh (Q59210903) wasn't found in the boundary data for position Member of the Provincial Assembly of Sindh (Q51876984)
WARNING: the district reserved seats for women in the provincial assembly of Sindh (Q59210903) wasn't found in the boundary data for position Member of the Provincial Assembly of Sindh (Q51876984)
WARNING: the district Non-Muslim reserved seats in the provincial assembly of Sindh (Q59210881) wasn't found in the boundary data for position Member of the Provincial Assembly of Sindh (Q51876984)
WARNING: the district Non-Muslim reserved seats in the provincial assembly of Sindh (Q59210881) wasn't found in the boundary data for position Member of the Provincial Assembly of Sindh (Q51876984)
WARNING: the district Non-Muslim reserved seats in the provincial assembly of Sindh (Q59210881) wasn't found in the boundary data for position Member of the Provincial Assembly of Sindh (Q51876984)
WARNING: the district reserved seats for women in the provincial assembly of Sindh (Q59210903) wasn't found in the boundary data for position Member of the Provincial Assembly of Sindh (Q51876984)
WARNING: the district reserved seats for women in the provincial assembly of Sindh (Q59210903) wasn't found in the boundary data for position Member of the Provincial Assembly of Sindh (Q51876984)
WARNING: the district PS-73 Badin-IV (Q59207769) wasn't found in the boundary data for position Member of the Provincial Assembly of Sindh (Q51876984)
WARNING: the district reserved seats for women in the provincial assembly of Sindh (Q59210903) wasn't found in the boundary data for position Member of the Provincial Assembly of Sindh (Q51876984)
WARNING: the district Non-Muslim reserved seats in the provincial assembly of Sindh (Q59210881) wasn't found in the boundary data for position Member of the Provincial Assembly of Sindh (Q51876984)
WARNING: Position Member of the Rawalpindi Municipal Corporation (Q58873770) not in boundary associated_wikidata_positions
WARNING: Position Member of the Metropolitan Corporation Lahore (Q58873767) not in boundary associated_wikidata_positions
WARNING: Position Member of the Faisalabad Municipal Corporation (Q58873769) not in boundary associated_wikidata_positions
WARNING: Position Member of the Municipal Corporation Gujranwala (Q58873772) not in boundary associated_wikidata_positions
WARNING: Position Member of the Municipal Corporation Multan (Q58873779) not in boundary associated_wikidata_positions
WARNING: Position Member of the Quetta Metropolitan Corporation (Q58873783) not in boundary associated_wikidata_positions
WARNING: Position councillor in the municipal corporation of Sargodha (Q59241660) not in boundary associated_wikidata_positions
WARNING: Position councillor in the municipal corporation of Sialkot (Q59241661) not in boundary associated_wikidata_positions
WARNING: Position councillor in the municipal corporation of Sukkar (Q59241662) not in boundary associated_wikidata_positions
WARNING: Position councillor in the municipal corporation of Larkana (Q59241664) not in boundary associated_wikidata_positions
WARNING: Position councillor in the municipal corporation of Dera Ghazi Khan (Q59241668) not in boundary associated_wikidata_positions
WARNING: Position councillor in the municipal corporation of Gujrat (Q59241672) not in boundary associated_wikidata_positions
WARNING: Position Member of the Provincial Assembly of the Punjab (Q55808168) not in boundary associated_wikidata_positions
WARNING: the district PP-168 Lahore-XXV (Q59207505) wasn't found in the boundary data for position Member of the Provincial Assembly of the Punjab (Q55808168)
WARNING: the district PP-160 Lahore-XVII (Q59207495) wasn't found in the boundary data for position Member of the Provincial Assembly of the Punjab (Q55808168)
WARNING: the district PP-63 Gujranwala-XIII (Q59207376) wasn't found in the boundary data for position Member of the Provincial Assembly of the Punjab (Q55808168)
WARNING: the district PP-164 Lahore-XXI (Q59207500) wasn't found in the boundary data for position Member of the Provincial Assembly of the Punjab (Q55808168)
WARNING: the district reserved seats for women in the provincial assembly of Punjab (Q59210902) wasn't found in the boundary data for position Member of the Provincial Assembly of the Punjab (Q55808168)
WARNING: the district PP-2 Attock-II (Q59207303) wasn't found in the boundary data for position Member of the Provincial Assembly of the Punjab (Q55808168)
WARNING: the district PP-36 Sialkot-II (Q59207341) wasn't found in the boundary data for position Member of the Provincial Assembly of the Punjab (Q55808168)
WARNING: the district Non-Muslim reserved seats in the provincial assembly of Punjab (Q59210880) wasn't found in the boundary data for position Member of the Provincial Assembly of the Punjab (Q55808168)
WARNING: the district PP-65 MandiBahauddin-I (Q59207379) wasn't found in the boundary data for position Member of the Provincial Assembly of the Punjab (Q55808168)
WARNING: the district PP-30 Gujrat-III (Q59207335) wasn't found in the boundary data for position Member of the Provincial Assembly of the Punjab (Q55808168)
WARNING: the district PP-40 Sialkot-VI (Q59207348) wasn't found in the boundary data for position Member of the Provincial Assembly of the Punjab (Q55808168)
WARNING: the district PP-10 Rawalpindi-V (Q59207311) wasn't found in the boundary data for position Member of the Provincial Assembly of the Punjab (Q55808168)
WARNING: the district PP-45 Sialkot-XI (Q59207353) wasn't found in the boundary data for position Member of the Provincial Assembly of the Punjab (Q55808168)
WARNING: the district PP-157 Lahore-XIV (Q59207491) wasn't found in the boundary data for position Member of the Provincial Assembly of the Punjab (Q55808168)
WARNING: the district PP-202 Sahiwal-VII (Q59207550) wasn't found in the boundary data for position Member of the Provincial Assembly of the Punjab (Q55808168)
WARNING: the district reserved seats for women in the provincial assembly of Punjab (Q59210902) wasn't found in the boundary data for position Member of the Provincial Assembly of the Punjab (Q55808168)
WARNING: the district PP-121 Toba Tek Singh-IV (Q59207442) wasn't found in the boundary data for position Member of the Provincial Assembly of the Punjab (Q55808168)
WARNING: the district PP-58 Gujranwala-VIII (Q59207371) wasn't found in the boundary data for position Member of the Provincial Assembly of the Punjab (Q55808168)
WARNING: the district PP-47 Narowal-II (Q59207359) wasn't found in the boundary data for position Member of the Provincial Assembly of the Punjab (Q55808168)
WARNING: the district PP-57 Gujranwala-VII (Q59207370) wasn't found in the boundary data for position Member of the Provincial Assembly of the Punjab (Q55808168)
WARNING: the district PP-44 Sialkot-X (Q59207352) wasn't found in the boundary data for position Member of the Provincial Assembly of the Punjab (Q55808168)
WARNING: the district PP-185 Okara-III (Q59207526) wasn't found in the boundary data for position Member of the Provincial Assembly of the Punjab (Q55808168)
WARNING: the district PP-61 Gujranwala-XI (Q59207374) wasn't found in the boundary data for position Member of the Provincial Assembly of the Punjab (Q55808168)
WARNING: the district PP-54 Gujranwala-IV (Q59207366) wasn't found in the boundary data for position Member of the Provincial Assembly of the Punjab (Q55808168)
WARNING: the district PP-18 Rawalpindi-XIII (Q59207321) wasn't found in the boundary data for position Member of the Provincial Assembly of the Punjab (Q55808168)
WARNING: the district PP-183 Okara-I (Q59207523) wasn't found in the boundary data for position Member of the Provincial Assembly of the Punjab (Q55808168)
WARNING: the district PP-103 Faisalabad-VII (Q59207422) wasn't found in the boundary data for position Member of the Provincial Assembly of the Punjab (Q55808168)
WARNING: the district PP-50 Narowal-V (Q59207362) wasn't found in the boundary data for position Member of the Provincial Assembly of the Punjab (Q55808168)
WARNING: the district PP-187 Okara-V (Q59207528) wasn't found in the boundary data for position Member of the Provincial Assembly of the Punjab (Q55808168)
WARNING: the district PP-175 Kasur-II (Q59207515) wasn't found in the boundary data for position Member of the Provincial Assembly of the Punjab (Q55808168)
WARNING: the district PP-176 Kasur-III (Q59207516) wasn't found in the boundary data for position Member of the Provincial Assembly of the Punjab (Q55808168)
WARNING: the district PP-218 Multan-VIII (Q59207573) wasn't found in the boundary data for position Member of the Provincial Assembly of the Punjab (Q55808168)
WARNING: the district PP-20 Rawalpindi-XV (Q59207325) wasn't found in the boundary data for position Member of the Provincial Assembly of the Punjab (Q55808168)
WARNING: the district PP-165 Lahore-XXII (Q59207501) wasn't found in the boundary data for position Member of the Provincial Assembly of the Punjab (Q55808168)
WARNING: the district PP-156 Lahore-XIII (Q59207490) wasn't found in the boundary data for position Member of the Provincial Assembly of the Punjab (Q55808168)
WARNING: the district PP-163 Lahore-XX (Q59207498) wasn't found in the boundary data for position Member of the Provincial Assembly of the Punjab (Q55808168)
WARNING: the district PP-248 Bahawalpur-IV (Q59207610) wasn't found in the boundary data for position Member of the Provincial Assembly of the Punjab (Q55808168)
WARNING: the district PP-37 Sialkot-III (Q59207342) wasn't found in the boundary data for position Member of the Provincial Assembly of the Punjab (Q55808168)
WARNING: the district PP-236 Vehari-VIII (Q59207596) wasn't found in the boundary data for position Member of the Provincial Assembly of the Punjab (Q55808168)
WARNING: the district PP-55 Gujranwala-V (Q59207367) wasn't found in the boundary data for position Member of the Provincial Assembly of the Punjab (Q55808168)
WARNING: the district PP-174 Kasur-I (Q59207514) wasn't found in the boundary data for position Member of the Provincial Assembly of the Punjab (Q55808168)
WARNING: the district PP-56 Gujranwala-VI (Q59207369) wasn't found in the boundary data for position Member of the Provincial Assembly of the Punjab (Q55808168)
WARNING: the district PP-159 Lahore-XVI (Q59207494) wasn't found in the boundary data for position Member of the Provincial Assembly of the Punjab (Q55808168)
WARNING: the district PP-60 Gujranwala-X (Q59207373) wasn't found in the boundary data for position Member of the Provincial Assembly of the Punjab (Q55808168)
WARNING: the district PP-166 Lahore-XXIII (Q59207502) wasn't found in the boundary data for position Member of the Provincial Assembly of the Punjab (Q55808168)
WARNING: the district PP-16 Rawalpindi-XI (Q59207319) wasn't found in the boundary data for position Member of the Provincial Assembly of the Punjab (Q55808168)
WARNING: the district PP-48 Narowal-III (Q59207360) wasn't found in the boundary data for position Member of the Provincial Assembly of the Punjab (Q55808168)
WARNING: the district PP-39 Sialkot-V (Q59207347) wasn't found in the boundary data for position Member of the Provincial Assembly of the Punjab (Q55808168)
WARNING: the district PP-178 Kasur-V (Q59207518) wasn't found in the boundary data for position Member of the Provincial Assembly of the Punjab (Q55808168)
WARNING: the district PP-51 Gujranwala-I (Q59207363) wasn't found in the boundary data for position Member of the Provincial Assembly of the Punjab (Q55808168)
WARNING: the district PP-22 Chakwal-II (Q59207327) wasn't found in the boundary data for position Member of the Provincial Assembly of the Punjab (Q55808168)
WARNING: the district Non-Muslim reserved seats in the provincial assembly of Punjab (Q59210880) wasn't found in the boundary data for position Member of the Provincial Assembly of the Punjab (Q55808168)
WARNING: the district PP-133 Nankana Sahib-III (Q59207459) wasn't found in the boundary data for position Member of the Provincial Assembly of the Punjab (Q55808168)
WARNING: the district reserved seats for women in the provincial assembly of Punjab (Q59210902) wasn't found in the boundary data for position Member of the Provincial Assembly of the Punjab (Q55808168)
WARNING: the district reserved seats for women in the provincial assembly of Punjab (Q59210902) wasn't found in the boundary data for position Member of the Provincial Assembly of the Punjab (Q55808168)
WARNING: the district reserved seats for women in the provincial assembly of Punjab (Q59210902) wasn't found in the boundary data for position Member of the Provincial Assembly of the Punjab (Q55808168)
WARNING: the district reserved seats for women in the provincial assembly of Punjab (Q59210902) wasn't found in the boundary data for position Member of the Provincial Assembly of the Punjab (Q55808168)
WARNING: the district reserved seats for women in the provincial assembly of Punjab (Q59210902) wasn't found in the boundary data for position Member of the Provincial Assembly of the Punjab (Q55808168)
WARNING: the district reserved seats for women in the provincial assembly of Punjab (Q59210902) wasn't found in the boundary data for position Member of the Provincial Assembly of the Punjab (Q55808168)
WARNING: the district reserved seats for women in the provincial assembly of Punjab (Q59210902) wasn't found in the boundary data for position Member of the Provincial Assembly of the Punjab (Q55808168)
WARNING: the district Non-Muslim reserved seats in the provincial assembly of Punjab (Q59210880) wasn't found in the boundary data for position Member of the Provincial Assembly of the Punjab (Q55808168)
WARNING: the district reserved seats for women in the provincial assembly of Punjab (Q59210902) wasn't found in the boundary data for position Member of the Provincial Assembly of the Punjab (Q55808168)
WARNING: the district reserved seats for women in the provincial assembly of Punjab (Q59210902) wasn't found in the boundary data for position Member of the Provincial Assembly of the Punjab (Q55808168)
WARNING: the district reserved seats for women in the provincial assembly of Punjab (Q59210902) wasn't found in the boundary data for position Member of the Provincial Assembly of the Punjab (Q55808168)
WARNING: the district reserved seats for women in the provincial assembly of Punjab (Q59210902) wasn't found in the boundary data for position Member of the Provincial Assembly of the Punjab (Q55808168)
WARNING: the district reserved seats for women in the provincial assembly of Punjab (Q59210902) wasn't found in the boundary data for position Member of the Provincial Assembly of the Punjab (Q55808168)
WARNING: the district reserved seats for women in the provincial assembly of Punjab (Q59210902) wasn't found in the boundary data for position Member of the Provincial Assembly of the Punjab (Q55808168)
WARNING: the district reserved seats for women in the provincial assembly of Punjab (Q59210902) wasn't found in the boundary data for position Member of the Provincial Assembly of the Punjab (Q55808168)
WARNING: the district PP-158 Lahore-XV (Q59207493) wasn't found in the boundary data for position Member of the Provincial Assembly of the Punjab (Q55808168)
WARNING: the district reserved seats for women in the provincial assembly of Punjab (Q59210902) wasn't found in the boundary data for position Member of the Provincial Assembly of the Punjab (Q55808168)
WARNING: the district reserved seats for women in the provincial assembly of Punjab (Q59210902) wasn't found in the boundary data for position Member of the Provincial Assembly of the Punjab (Q55808168)
WARNING: the district PP-245 Bahawalpur-I (Q59207606) wasn't found in the boundary data for position Member of the Provincial Assembly of the Punjab (Q55808168)
WARNING: the district PP-1 Attock-I (Q59207301) wasn't found in the boundary data for position Member of the Provincial Assembly of the Punjab (Q55808168)
WARNING: the district PP-4 Attock-IV (Q59207305) wasn't found in the boundary data for position Member of the Provincial Assembly of the Punjab (Q55808168)
WARNING: the district PP-5 Attock-V (Q59207306) wasn't found in the boundary data for position Member of the Provincial Assembly of the Punjab (Q55808168)
WARNING: the district PP-6 Rawalpindi-I (Q59207307) wasn't found in the boundary data for position Member of the Provincial Assembly of the Punjab (Q55808168)
WARNING: the district PP-7 Rawalpindi-II (Q59207308) wasn't found in the boundary data for position Member of the Provincial Assembly of the Punjab (Q55808168)
WARNING: the district PP-8 Rawalpindi-III (Q59207309) wasn't found in the boundary data for position Member of the Provincial Assembly of the Punjab (Q55808168)
WARNING: the district PP-9 Rawalpindi-IV (Q59207310) wasn't found in the boundary data for position Member of the Provincial Assembly of the Punjab (Q55808168)
WARNING: the district PP-11 Rawalpindi-VI (Q59207312) wasn't found in the boundary data for position Member of the Provincial Assembly of the Punjab (Q55808168)
WARNING: the district PP-12 Rawalpindi-VII (Q59207313) wasn't found in the boundary data for position Member of the Provincial Assembly of the Punjab (Q55808168)
WARNING: the district PP-13 Rawalpindi-VIII (Q59207315) wasn't found in the boundary data for position Member of the Provincial Assembly of the Punjab (Q55808168)
WARNING: the district PP-15 Rawalpindi-X (Q59207317) wasn't found in the boundary data for position Member of the Provincial Assembly of the Punjab (Q55808168)
WARNING: the district PP-17 Rawalpindi-XII (Q59207320) wasn't found in the boundary data for position Member of the Provincial Assembly of the Punjab (Q55808168)
WARNING: the district PP-19 Rawalpindi-XIV (Q59207322) wasn't found in the boundary data for position Member of the Provincial Assembly of the Punjab (Q55808168)
WARNING: the district PP-21 Chakwal-I (Q59207326) wasn't found in the boundary data for position Member of the Provincial Assembly of the Punjab (Q55808168)
WARNING: the district PP-23 Chakwal-III (Q59207328) wasn't found in the boundary data for position Member of the Provincial Assembly of the Punjab (Q55808168)
WARNING: the district PP-24 Chakwal-IV (Q59207329) wasn't found in the boundary data for position Member of the Provincial Assembly of the Punjab (Q55808168)
WARNING: the district PP-25 Jhelum-I (Q59207330) wasn't found in the boundary data for position Member of the Provincial Assembly of the Punjab (Q55808168)
WARNING: the district PP-26 Jhelum-II (Q59207331) wasn't found in the boundary data for position Member of the Provincial Assembly of the Punjab (Q55808168)
WARNING: the district PP-109 Faisalabad-XIII (Q59207429) wasn't found in the boundary data for position Member of the Provincial Assembly of the Punjab (Q55808168)
WARNING: the district PP-28 Gujrat-I (Q59207333) wasn't found in the boundary data for position Member of the Provincial Assembly of the Punjab (Q55808168)
WARNING: the district PP-29 Gujrat-II (Q59207334) wasn't found in the boundary data for position Member of the Provincial Assembly of the Punjab (Q55808168)
WARNING: the district PP-31 Gujrat-IV (Q59207336) wasn't found in the boundary data for position Member of the Provincial Assembly of the Punjab (Q55808168)
WARNING: the district PP-32 Gujrat-V (Q59207337) wasn't found in the boundary data for position Member of the Provincial Assembly of the Punjab (Q55808168)
WARNING: the district PP-33 Gujrat-VI (Q59207338) wasn't found in the boundary data for position Member of the Provincial Assembly of the Punjab (Q55808168)
WARNING: the district PP-34 Gujrat-VII (Q59207339) wasn't found in the boundary data for position Member of the Provincial Assembly of the Punjab (Q55808168)
WARNING: the district PP-35 Sialkot-I (Q59207340) wasn't found in the boundary data for position Member of the Provincial Assembly of the Punjab (Q55808168)
WARNING: the district PP-38 Sialkot-IV (Q59207346) wasn't found in the boundary data for position Member of the Provincial Assembly of the Punjab (Q55808168)
WARNING: the district PP-41 Sialkot-VII (Q59207349) wasn't found in the boundary data for position Member of the Provincial Assembly of the Punjab (Q55808168)
WARNING: the district PP-42 Sialkot-VIII (Q59207350) wasn't found in the boundary data for position Member of the Provincial Assembly of the Punjab (Q55808168)
WARNING: the district PP-43 Sialkot-IX (Q59207351) wasn't found in the boundary data for position Member of the Provincial Assembly of the Punjab (Q55808168)
WARNING: the district PP-46 Narowal-I (Q59207354) wasn't found in the boundary data for position Member of the Provincial Assembly of the Punjab (Q55808168)
WARNING: the district PP-49 Narowal-IV (Q59207361) wasn't found in the boundary data for position Member of the Provincial Assembly of the Punjab (Q55808168)
WARNING: the district PP-52 Gujranwala-II (Q59207364) wasn't found in the boundary data for position Member of the Provincial Assembly of the Punjab (Q55808168)
WARNING: the district PP-53 Gujranwala-III (Q59207365) wasn't found in the boundary data for position Member of the Provincial Assembly of the Punjab (Q55808168)
WARNING: the district PP-59 Gujranwala-IX (Q59207372) wasn't found in the boundary data for position Member of the Provincial Assembly of the Punjab (Q55808168)
WARNING: the district PP-62 Gujranwala-XII (Q59207375) wasn't found in the boundary data for position Member of the Provincial Assembly of the Punjab (Q55808168)
WARNING: the district PP-64 Gujranwala-XIV (Q59207377) wasn't found in the boundary data for position Member of the Provincial Assembly of the Punjab (Q55808168)
WARNING: the district PP-67 MandiBahauddin-III (Q59207381) wasn't found in the boundary data for position Member of the Provincial Assembly of the Punjab (Q55808168)
WARNING: the district PP-68 MandiBahauddin-IV (Q59207382) wasn't found in the boundary data for position Member of the Provincial Assembly of the Punjab (Q55808168)
WARNING: the district PP-69 Hafizabad-I (Q59207383) wasn't found in the boundary data for position Member of the Provincial Assembly of the Punjab (Q55808168)
WARNING: the district PP-70 Hafizabad-II (Q59207384) wasn't found in the boundary data for position Member of the Provincial Assembly of the Punjab (Q55808168)
WARNING: the district PP-71 Hafizabad-III (Q59207385) wasn't found in the boundary data for position Member of the Provincial Assembly of the Punjab (Q55808168)
WARNING: the district PP-95 Chiniot-III (Q59207412) wasn't found in the boundary data for position Member of the Provincial Assembly of the Punjab (Q55808168)
WARNING: the district PP-161 Lahore-XVIII (Q59207496) wasn't found in the boundary data for position Member of the Provincial Assembly of the Punjab (Q55808168)
WARNING: the district PP-162 Lahore-XIX (Q59207497) wasn't found in the boundary data for position Member of the Provincial Assembly of the Punjab (Q55808168)
WARNING: the district PP-167 Lahore-XXIV (Q59207503) wasn't found in the boundary data for position Member of the Provincial Assembly of the Punjab (Q55808168)
WARNING: the district PP-169 Lahore-XXVI (Q59207506) wasn't found in the boundary data for position Member of the Provincial Assembly of the Punjab (Q55808168)
WARNING: the district PP-170 Lahore-XXVII (Q59207507) wasn't found in the boundary data for position Member of the Provincial Assembly of the Punjab (Q55808168)
WARNING: the district PP-171 Lahore-XXVIII (Q59207509) wasn't found in the boundary data for position Member of the Provincial Assembly of the Punjab (Q55808168)
WARNING: the district PP-172 Lahore-XXIX (Q59207510) wasn't found in the boundary data for position Member of the Provincial Assembly of the Punjab (Q55808168)
WARNING: the district PP-173 Lahore-XXX (Q59207513) wasn't found in the boundary data for position Member of the Provincial Assembly of the Punjab (Q55808168)
WARNING: the district PP-177 Kasur-IV (Q59207517) wasn't found in the boundary data for position Member of the Provincial Assembly of the Punjab (Q55808168)
WARNING: the district PP-179 Kasur-VI (Q59207519) wasn't found in the boundary data for position Member of the Provincial Assembly of the Punjab (Q55808168)
WARNING: the district PP-182 Kasur-IX (Q59207522) wasn't found in the boundary data for position Member of the Provincial Assembly of the Punjab (Q55808168)
WARNING: the district PP-184 Okara-II (Q59207524) wasn't found in the boundary data for position Member of the Provincial Assembly of the Punjab (Q55808168)
WARNING: the district PP-186 Okara-IV (Q59207527) wasn't found in the boundary data for position Member of the Provincial Assembly of the Punjab (Q55808168)
WARNING: the district PP-189 Okara-VII (Q59207530) wasn't found in the boundary data for position Member of the Provincial Assembly of the Punjab (Q55808168)
WARNING: the district PP-190 Okara-VIII (Q59207531) wasn't found in the boundary data for position Member of the Provincial Assembly of the Punjab (Q55808168)
WARNING: the district PP-191 Pakpatan-I (Q59207536) wasn't found in the boundary data for position Member of the Provincial Assembly of the Punjab (Q55808168)
WARNING: the district PP-212 Multan-II (Q59207563) wasn't found in the boundary data for position Member of the Provincial Assembly of the Punjab (Q55808168)
WARNING: the district PP-249 Bahawalpur-V (Q59207612) wasn't found in the boundary data for position Member of the Provincial Assembly of the Punjab (Q55808168)
WARNING: the district PP-257 Rahim Yar Khan-III (Q59207623) wasn't found in the boundary data for position Member of the Provincial Assembly of the Punjab (Q55808168)
WARNING: the district PP-270 Muzaffargarh-III (Q59207637) wasn't found in the boundary data for position Member of the Provincial Assembly of the Punjab (Q55808168)
WARNING: the district PP-276 Muzaffargarh-IX (Q59207646) wasn't found in the boundary data for position Member of the Provincial Assembly of the Punjab (Q55808168)
WARNING: the district PP-286 Dera Ghazi Khan-II (Q56173967) wasn't found in the boundary data for position Member of the Provincial Assembly of the Punjab (Q55808168)
WARNING: the district PP-102 Faisalabad-VI (Q59207421) wasn't found in the boundary data for position Member of the Provincial Assembly of the Punjab (Q55808168)
WARNING: the district PP-106 Faisalabad-X (Q59207425) wasn't found in the boundary data for position Member of the Provincial Assembly of the Punjab (Q55808168)
WARNING: the district PP-113 Faisalabad-XVII (Q59207433) wasn't found in the boundary data for position Member of the Provincial Assembly of the Punjab (Q55808168)
WARNING: the district PP-127 Jhang-IV (Q59207451) wasn't found in the boundary data for position Member of the Provincial Assembly of the Punjab (Q55808168)
WARNING: the district reserved seats for women in the provincial assembly of Punjab (Q59210902) wasn't found in the boundary data for position Member of the Provincial Assembly of the Punjab (Q55808168)
WARNING: the district reserved seats for women in the provincial assembly of Punjab (Q59210902) wasn't found in the boundary data for position Member of the Provincial Assembly of the Punjab (Q55808168)
WARNING: the district reserved seats for women in the provincial assembly of Punjab (Q59210902) wasn't found in the boundary data for position Member of the Provincial Assembly of the Punjab (Q55808168)
WARNING: the district reserved seats for women in the provincial assembly of Punjab (Q59210902) wasn't found in the boundary data for position Member of the Provincial Assembly of the Punjab (Q55808168)
WARNING: the district reserved seats for women in the provincial assembly of Punjab (Q59210902) wasn't found in the boundary data for position Member of the Provincial Assembly of the Punjab (Q55808168)
WARNING: the district reserved seats for women in the provincial assembly of Punjab (Q59210902) wasn't found in the boundary data for position Member of the Provincial Assembly of the Punjab (Q55808168)
WARNING: the district reserved seats for women in the provincial assembly of Punjab (Q59210902) wasn't found in the boundary data for position Member of the Provincial Assembly of the Punjab (Q55808168)
WARNING: the district reserved seats for women in the provincial assembly of Punjab (Q59210902) wasn't found in the boundary data for position Member of the Provincial Assembly of the Punjab (Q55808168)
WARNING: the district reserved seats for women in the provincial assembly of Punjab (Q59210902) wasn't found in the boundary data for position Member of the Provincial Assembly of the Punjab (Q55808168)
WARNING: the district reserved seats for women in the provincial assembly of Punjab (Q59210902) wasn't found in the boundary data for position Member of the Provincial Assembly of the Punjab (Q55808168)
WARNING: the district reserved seats for women in the provincial assembly of Punjab (Q59210902) wasn't found in the boundary data for position Member of the Provincial Assembly of the Punjab (Q55808168)
WARNING: the district reserved seats for women in the provincial assembly of Punjab (Q59210902) wasn't found in the boundary data for position Member of the Provincial Assembly of the Punjab (Q55808168)
WARNING: the district reserved seats for women in the provincial assembly of Punjab (Q59210902) wasn't found in the boundary data for position Member of the Provincial Assembly of the Punjab (Q55808168)
WARNING: the district reserved seats for women in the provincial assembly of Punjab (Q59210902) wasn't found in the boundary data for position Member of the Provincial Assembly of the Punjab (Q55808168)
WARNING: the district reserved seats for women in the provincial assembly of Punjab (Q59210902) wasn't found in the boundary data for position Member of the Provincial Assembly of the Punjab (Q55808168)
WARNING: the district reserved seats for women in the provincial assembly of Punjab (Q59210902) wasn't found in the boundary data for position Member of the Provincial Assembly of the Punjab (Q55808168)
WARNING: the district reserved seats for women in the provincial assembly of Punjab (Q59210902) wasn't found in the boundary data for position Member of the Provincial Assembly of the Punjab (Q55808168)
WARNING: the district reserved seats for women in the provincial assembly of Punjab (Q59210902) wasn't found in the boundary data for position Member of the Provincial Assembly of the Punjab (Q55808168)
WARNING: the district reserved seats for women in the provincial assembly of Punjab (Q59210902) wasn't found in the boundary data for position Member of the Provincial Assembly of the Punjab (Q55808168)
WARNING: the district reserved seats for women in the provincial assembly of Punjab (Q59210902) wasn't found in the boundary data for position Member of the Provincial Assembly of the Punjab (Q55808168)
WARNING: the district reserved seats for women in the provincial assembly of Punjab (Q59210902) wasn't found in the boundary data for position Member of the Provincial Assembly of the Punjab (Q55808168)
WARNING: the district reserved seats for women in the provincial assembly of Punjab (Q59210902) wasn't found in the boundary data for position Member of the Provincial Assembly of the Punjab (Q55808168)
WARNING: the district reserved seats for women in the provincial assembly of Punjab (Q59210902) wasn't found in the boundary data for position Member of the Provincial Assembly of the Punjab (Q55808168)
WARNING: the district reserved seats for women in the provincial assembly of Punjab (Q59210902) wasn't found in the boundary data for position Member of the Provincial Assembly of the Punjab (Q55808168)
WARNING: the district reserved seats for women in the provincial assembly of Punjab (Q59210902) wasn't found in the boundary data for position Member of the Provincial Assembly of the Punjab (Q55808168)
WARNING: the district reserved seats for women in the provincial assembly of Punjab (Q59210902) wasn't found in the boundary data for position Member of the Provincial Assembly of the Punjab (Q55808168)
WARNING: the district Non-Muslim reserved seats in the provincial assembly of Punjab (Q59210880) wasn't found in the boundary data for position Member of the Provincial Assembly of the Punjab (Q55808168)
WARNING: the district Non-Muslim reserved seats in the provincial assembly of Punjab (Q59210880) wasn't found in the boundary data for position Member of the Provincial Assembly of the Punjab (Q55808168)
WARNING: the district Non-Muslim reserved seats in the provincial assembly of Punjab (Q59210880) wasn't found in the boundary data for position Member of the Provincial Assembly of the Punjab (Q55808168)
WARNING: the district Non-Muslim reserved seats in the provincial assembly of Punjab (Q59210880) wasn't found in the boundary data for position Member of the Provincial Assembly of the Punjab (Q55808168)
WARNING: the district PP-72 Sargodha-I (Q59207386) wasn't found in the boundary data for position Member of the Provincial Assembly of the Punjab (Q55808168)
WARNING: the district reserved seats for women in the provincial assembly of Punjab (Q59210902) wasn't found in the boundary data for position Member of the Provincial Assembly of the Punjab (Q55808168)
WARNING: the district Non-Muslim reserved seats in the provincial assembly of Punjab (Q59210880) wasn't found in the boundary data for position Member of the Provincial Assembly of the Punjab (Q55808168)
WARNING: the district PP-27 Jhelum-III (Q59207332) wasn't found in the boundary data for position Member of the Provincial Assembly of the Punjab (Q55808168)
WARNING: the district PP-3 Attock-III (Q59207304) wasn't found in the boundary data for position Member of the Provincial Assembly of the Punjab (Q55808168)
WARNING: the district PP-188 Okara-VI (Q59207529) wasn't found in the boundary data for position Member of the Provincial Assembly of the Punjab (Q55808168)
WARNING: the district PP-66 MandiBahauddin-II (Q59207380) wasn't found in the boundary data for position Member of the Provincial Assembly of the Punjab (Q55808168)
WARNING: the district PP-266 Rahim Yar Khan-XII (Q59207633) wasn't found in the boundary data for position Member of the Provincial Assembly of the Punjab (Q55808168)
WARNING: the district PP-14 Rawalpindi-IX (Q59207316) wasn't found in the boundary data for position Member of the Provincial Assembly of the Punjab (Q55808168)
WARNING: the district PP-181 Kasur-VIII (Q59207521) wasn't found in the boundary data for position Member of the Provincial Assembly of the Punjab (Q55808168)
WARNING: the district PP-180 Kasur-VII (Q59207520) wasn't found in the boundary data for position Member of the Provincial Assembly of the Punjab (Q55808168)
WARNING: Position Chief Minister of Gilgit-Baltistan (Q8135012) not in boundary associated_wikidata_positions
WARNING: Position Prime Minister of Azad Kashmir (Q25548295) not in boundary associated_wikidata_positions
WARNING: Position Chief Minister of Balochistan (Q3695530) not in boundary associated_wikidata_positions
WARNING: Position Chief Minister of Khyber Pakhtunkhwa (Q5096852) not in boundary associated_wikidata_positions
WARNING: the district Khyber Pakhtunkhwa (Q183314) wasn't found in the boundary data for position Chief Minister of Khyber Pakhtunkhwa (Q5096852)
WARNING: Position Chief Minister of Punjab (Q1837955) not in boundary associated_wikidata_positions
WARNING: the district Punjab (Q4478) wasn't found in the boundary data for position Chief Minister of Punjab (Q1837955)
WARNING: the district Punjab (Q4478) wasn't found in the boundary data for position Chief Minister of Punjab (Q1837955)
WARNING: the district Punjab (Q4478) wasn't found in the boundary data for position Chief Minister of Punjab (Q1837955)
WARNING: the district Punjab (Q4478) wasn't found in the boundary data for position Chief Minister of Punjab (Q1837955)
WARNING: Position Chief Minister of Sindh (Q28169441) not in boundary associated_wikidata_positions
